#
# A fatal error has been detected by the Java Runtime Environment:
#
#  SIGBUS (0x7) at pc=0x00007f88af9feab0, pid=8, tid=0x00007f88ae3f8700
#
# JRE version: OpenJDK Runtime Environment (8.0_252-b09) (build 1.8.0_252-b09)
# Java VM: OpenJDK 64-Bit Server VM (25.252-b09 mixed mode linux-amd64 compressed oops)
# Problematic frame:
# 
[error occurred during error reporting (printing problematic frame), id 0x7]

# Failed to write core dump. Core dumps have been disabled. To enable core dumping, try "ulimit -c unlimited" before starting Java again
#
# If you would like to submit a bug report, please visit:
#   http://bugreport.java.com/bugreport/crash.jsp
# The crash happened outside the Java Virtual Machine in native code.
# See problematic frame for where to report the bug.
#

---------------  T H R E A D  ---------------

Current thread (0x00007f8850064800):  JavaThread "pool-12-thread-5" [_thread_in_native, id=100, stack(0x00007f88adff8000,0x00007f88ae3f9000)]

siginfo: si_signo: 7 (SIGBUS), si_code: 2 (BUS_ADRERR), si_addr: 0x00007f88af9feab0

Registers:
RAX=0x000000078f954280, RBX=0x0000000003c7caa1, RCX=0x0000000000000000, RDX=0x00007f88ae3f5fd8
RSP=0x00007f88ae3f5fc8, RBP=0x00007f88ae3f6010, RSI=0x00007f88ae3f5fd0, RDI=0x00007f88500649e0
R8 =0x00007f88bc7e6000, R9 =0x0000000000000001, R10=0x00007f88c107984c, R11=0x000000070197f950
R12=0x0000000000000000, R13=0x0000000000000000, R14=0x00007f88bc7e6000, R15=0x00007f8850064800
RIP=0x00007f88af9feab0, EFLAGS=0x0000000000010246, CSGSFS=0x002b000000000033, ERR=0x0000000000000014
  TRAPNO=0x000000000000000e

Top of Stack: (sp=0x00007f88ae3f5fc8)
0x00007f88ae3f5fc8:   00007f88c10798bc 0000000701cd3568
0x00007f88ae3f5fd8:   000000070d85bde0 00007f88392fdad0
0x00007f88ae3f5fe8:   00007f88d1834b60 00007f88d4006380
0x00007f88ae3f5ff8:   0000000400000002 00007f010000000e
0x00007f88ae3f6008:   00007f88842746e0 00000000e0013fef
0x00007f88ae3f6018:   00007f88c235bcbc 00007f88ae3f6140
0x00007f88ae3f6028:   00007f88d4fb2339 0000000000000000
0x00007f88ae3f6038:   00007f88be9e2480 00007f88ae3f60b0
0x00007f88ae3f6048:   00007f88d4d8fc58 00007f88d40065a0
0x00007f88ae3f6058:   0000000000000002 00004d54be9e23d0
0x00007f88ae3f6068:   00007f88d0027090 00007f88ae3f6110
0x00007f88ae3f6078:   00007f88d4d9a005 00000007c0000ea8
0x00007f88ae3f6088:   00007f88d40020c0 00007f88d005d710
0x00007f88ae3f6098:   00007f887c35ce36 00007f88d1834b40
0x00007f88ae3f60a8:   0000000000000000 00007f88ae3f6130
0x00007f88ae3f60b8:   00007f88d4d8ffed 00007f88fffffffe
0x00007f88ae3f60c8:   00007f8850064800 00007f88842746e0
0x00007f88ae3f60d8:   0000000701cd3568 000000070d85bde0
0x00007f88ae3f60e8:   000000078f954220 000000078f954280
0x00007f88ae3f60f8:   0000000000000000 00000007c0000ea8
0x00007f88ae3f6108:   00007f88d0026f30 00007f88ae3f6180
0x00007f88ae3f6118:   00007f88d4fb9f61 7c35ce36000003f1
0x00007f88ae3f6128:   00007f88d0007770 2e9dad60000001eb
0x00007f88ae3f6138:   00007f8800000001 00007f88ae3f6180
0x00007f88ae3f6148:   00007f88d4f673ee 00007f88ae3f6180
0x00007f88ae3f6158:   00007f88d4f66fb4 00007f8850064800
0x00007f88ae3f6168:   00007f88ae3f61a0 00000000e0013fef
0x00007f88ae3f6178:   00007f88c23540f4 00007f88ae3f61f0
0x00007f88ae3f6188:   00007f88d4fbaae1 00000000e0013fef
0x00007f88ae3f6198:   00007f88c0f700cc 00007f8800000000
0x00007f88ae3f61a8:   0000000701cd3568 000000070d85bde0
0x00007f88ae3f61b8:   00007f88842746e0 00007f88d1834b38 

Instructions: (pc=0x00007f88af9feab0)
0x00007f88af9fea90:   
[error occurred during error reporting (printing registers, top of stack, instructions near pc), id 0x7]

Register to memory mapping:

RAX=0x000000078f954280 is an oop
java.util.ArrayList 
 - klass: 'java/util/ArrayList'
RBX=0x0000000003c7caa1 is an unknown value
RCX=0x0000000000000000 is an unknown value
RDX=0x00007f88ae3f5fd8 is pointing into the stack for thread: 0x00007f8850064800
RSP=0x00007f88ae3f5fc8 is pointing into the stack for thread: 0x00007f8850064800
RBP=0x00007f88ae3f6010 is pointing into the stack for thread: 0x00007f8850064800
RSI=0x00007f88ae3f5fd0 is pointing into the stack for thread: 0x00007f8850064800
RDI=0x00007f88500649e0 is an unknown value
R8 =0x00007f88bc7e6000 is pointing into the stack for thread: 0x00007f88d0183800
R9 =0x0000000000000001 is an unknown value
R10=0x00007f88c107984c is at entry_point+76 in (nmethod*)0x00007f88c1079690
R11=0x000000070197f950 is an oop
sbt.internal.nio.SwovalFileTreeView$$$Lambda$2400/569197907 
 - klass: 'sbt/internal/nio/SwovalFileTreeView$$$Lambda$2400'
R12=0x0000000000000000 is an unknown value
R13=0x0000000000000000 is an unknown value
R14=0x00007f88bc7e6000 is pointing into the stack for thread: 0x00007f88d0183800
R15=0x00007f8850064800 is a thread


Stack: [0x00007f88adff8000,0x00007f88ae3f9000],  sp=0x00007f88ae3f5fc8,  free space=4087k
Native frames: (J=compiled Java code, j=interpreted, Vv=VM code, C=native code)

[error occurred during error reporting (printing native stack), id 0x7]

Java frames: (J=compiled Java code, j=interpreted, Vv=VM code)
J 11424  com.swoval.files.NativeDirectoryLister.openDir(Ljava/lang/String;)J (0 bytes) @ 0x00007f88c107984c [0x00007f88c1079800+0x4c]
J 10740 C1 com.swoval.files.NativeDirectoryLister.fillResults(Ljava/lang/String;)Lcom/swoval/files/SimpleFileTreeView$ListResults; (568 bytes) @ 0x00007f88c235bcbc [0x00007f88c235b9c0+0x2fc]
J 10739 C1 com.swoval.files.NativeDirectoryLister.apply(Ljava/lang/String;Z)Lcom/swoval/files/SimpleFileTreeView$ListResults; (46 bytes) @ 0x00007f88c23540f4 [0x00007f88c2354020+0xd4]
J 10738 C1 com.swoval.files.SimpleFileTreeView$Lister.impl(Ljava/nio/file/Path;I)V (487 bytes) @ 0x00007f88c23611d4 [0x00007f88c2360f20+0x2b4]
J 10741 C1 com.swoval.files.SimpleFileTreeView.list(Ljava/nio/file/Path;ILcom/swoval/functional/Filter;)Ljava/util/List; (70 bytes) @ 0x00007f88c235585c [0x00007f88c2355500+0x35c]
J 9323 C1 sbt.internal.nio.SwovalFileTreeView$.$anonfun$list$1(Ljava/nio/file/Path;)Lscala/collection/immutable/Vector; (42 bytes) @ 0x00007f88c1ef5904 [0x00007f88c1ef5660+0x2a4]
J 9322 C1 sbt.internal.nio.SwovalFileTreeView$$$Lambda$2395.apply()Ljava/lang/Object; (8 bytes) @ 0x00007f88c1ee983c [0x00007f88c1ee97c0+0x7c]
J 11457 C2 sbt.internal.io.Retry$.impl$1(ILscala/Function0;ILscala/runtime/LazyRef;Lscala/collection/Seq;)Ljava/lang/Object; (183 bytes) @ 0x00007f88c1239294 [0x00007f88c12391e0+0xb4]
J 9318 C1 sbt.internal.nio.SwovalFileTreeView$.list(Ljava/nio/file/Path;)Lscala/collection/Seq; (39 bytes) @ 0x00007f88c1eeb4d4 [0x00007f88c1eea8a0+0xc34]
J 11447 C1 sbt.io.IO$.$anonfun$delete$2(Ljava/io/File;)V (54 bytes) @ 0x00007f88c0b9bb7c [0x00007f88c0b9b0e0+0xa9c]
J 11446 C1 sbt.io.IO$$$Lambda$2667.apply$mcV$sp()V (8 bytes) @ 0x00007f88c0fd953c [0x00007f88c0fd94c0+0x7c]
J 7593 C1 scala.runtime.java8.JFunction0$mcV$sp.apply()Ljava/lang/Object; (10 bytes) @ 0x00007f88c0b8ea44 [0x00007f88c0b8e940+0x104]
J 11457 C2 sbt.internal.io.Retry$.impl$1(ILscala/Function0;ILscala/runtime/LazyRef;Lscala/collection/Seq;)Ljava/lang/Object; (183 bytes) @ 0x00007f88c1239294 [0x00007f88c12391e0+0xb4]
J 11428 C1 sbt.io.IO$.delete(Ljava/io/File;)V (27 bytes) @ 0x00007f88c17a94ac [0x00007f88c17a8aa0+0xa0c]
j  sbt.internal.inc.ClassFileManager$TransactionalClassFileManager.complete(Z)V+97
j  xsbti.compile.WrappedClassFileManager.complete(Z)V+31
j  sbt.internal.inc.Incremental$.manageClassfiles(Lxsbti/compile/IncOptions;Lxsbti/compile/Output;Lsbt/internal/inc/JarUtils$OutputJarContent;Lscala/Function1;)Ljava/lang/Object;+41
j  sbt.internal.inc.Incremental$.compile(Lscala/collection/immutable/Set;Lsbt/internal/inc/Lookup;Lxsbti/compile/CompileAnalysis;Lxsbti/compile/analysis/ReadStamps;Lscala/Function4;Lsbt/internal/inc/AnalysisCallback$Builder;Lsbt/util/Logger;Lxsbti/compile/IncOptions;Lxsbti/compile/Output;Lsbt/internal/inc/JarUtils$OutputJarContent;Lsbt/internal/inc/InvalidationProfiler;Lscala/math/Equiv;)Lscala/Tuple2;+296
j  sbt.internal.inc.IncrementalCompile$.apply(Lscala/collection/immutable/Set;Lsbt/internal/inc/Lookup;Lscala/Function4;Lxsbti/compile/CompileAnalysis;Lxsbti/compile/Output;Lsbt/util/Logger;Lxsbti/compile/IncOptions;Lsbt/internal/inc/JarUtils$OutputJarContent;)Lscala/Tuple2;+145
j  sbt.internal.inc.IncrementalCompilerImpl.compileInternal(Lsbt/internal/inc/MixedAnalyzingCompiler;Lscala/math/Equiv;Lscala/math/Equiv;Lxsbti/Logger;)Lscala/Tuple2;+301
j  sbt.internal.inc.IncrementalCompilerImpl.$anonfun$compileIncrementally$1(Lsbt/internal/inc/IncrementalCompilerImpl;Lscala/Option;Lxsbti/compile/Output;Lxsbti/compile/ScalaCompiler;Lxsbti/compile/JavaCompiler;[Ljava/io/File;Lscala/collection/Seq;Lxsbti/compile/GlobalsCache;Lscala/Option;Lscala/collection/Seq;Lscala/collection/Seq;Lscala/Option;Lxsbti/compile/PerClasspathEntryLookup;Lxsbti/Reporter;Lxsbti/compile/CompileOrder;ZLxsbti/compile/IncOptions;Lscala/collection/immutable/List;Lscala/Option;Lxsbti/Logger;)Lxsbti/compile/CompileResult;+366
j  sbt.internal.inc.IncrementalCompilerImpl$$Lambda$2576.apply()Ljava/lang/Object;+80
j  sbt.internal.inc.IncrementalCompilerImpl.handleCompilationError([Ljava/io/File;Lxsbti/compile/Output;Lxsbti/Logger;Lscala/Function0;)Lxsbti/compile/CompileResult;+2
j  sbt.internal.inc.IncrementalCompilerImpl.compileIncrementally(Lxsbti/compile/ScalaCompiler;Lxsbti/compile/JavaCompiler;[Ljava/io/File;Lscala/collection/Seq;Lxsbti/compile/Output;Lxsbti/compile/GlobalsCache;Lscala/Option;Lscala/collection/Seq;Lscala/collection/Seq;Lscala/Option;Lscala/Option;Lxsbti/compile/PerClasspathEntryLookup;Lxsbti/Reporter;Lxsbti/compile/CompileOrder;ZLxsbti/compile/IncOptions;Lscala/Option;Lscala/collection/immutable/List;Lxsbti/Logger;)Lxsbti/compile/CompileResult;+47
j  sbt.internal.inc.IncrementalCompilerImpl.compile(Lxsbti/compile/Inputs;Lxsbti/Logger;)Lxsbti/compile/CompileResult;+228
j  sbt.Defaults$.compileIncrementalTaskImpl(Lsbt/std/TaskStreams;Lxsbti/compile/Inputs;)Lxsbti/compile/CompileResult;+72
j  sbt.Defaults$.$anonfun$compileIncrementalTask$1(Lscala/Tuple2;)Lxsbti/compile/CompileResult;+21
j  sbt.Defaults$$$Lambda$1383.apply(Ljava/lang/Object;)Ljava/lang/Object;+4
J 5074 C2 scala.Function1$$Lambda$922.apply(Ljava/lang/Object;)Ljava/lang/Object; (13 bytes) @ 0x00007f88c0f54648 [0x00007f88c0f545e0+0x68]
J 7137 C1 sbt.internal.util.$tilde$greater$$Lambda$2157.apply(Ljava/lang/Object;)Ljava/lang/Object; (17 bytes) @ 0x00007f88c1ac10cc [0x00007f88c1ac0f60+0x16c]
J 7516 C1 sbt.Execute$$Lambda$2174.apply()Ljava/lang/Object; (12 bytes) @ 0x00007f88c1bdc57c [0x00007f88c1bdc3a0+0x1dc]
J 5738 C1 sbt.internal.util.ErrorHandling$.wideConvert(Lscala/Function0;)Lscala/util/Either; (169 bytes) @ 0x00007f88c1714ffc [0x00007f88c1714e40+0x1bc]
J 8824 C1 sbt.Execute.work(Ljava/lang/Object;Lscala/Function0;Lsbt/CompletionService;)Lsbt/Completed; (69 bytes) @ 0x00007f88c1d88c6c [0x00007f88c1d88a80+0x1ec]
J 7517 C1 sbt.Execute$$Lambda$2165.apply()Ljava/lang/Object; (24 bytes) @ 0x00007f88c1bdd024 [0x00007f88c1bdcb40+0x4e4]
J 7509 C1 sbt.ConcurrentRestrictions$$anon$4$$Lambda$2172.apply()Ljava/lang/Object; (16 bytes) @ 0x00007f88c1bccb0c [0x00007f88c1bcc9a0+0x16c]
J 7133 C1 sbt.CompletionService$$anon$2.call()Ljava/lang/Object; (10 bytes) @ 0x00007f88c1abf08c [0x00007f88c1abef80+0x10c]
J 5691 C1 java.util.concurrent.FutureTask.run()V (126 bytes) @ 0x00007f88c1704454 [0x00007f88c1704200+0x254]
J 7134 C1 java.util.concurrent.Executors$RunnableAdapter.call()Ljava/lang/Object; (14 bytes) @ 0x00007f88c1abec54 [0x00007f88c1abeb40+0x114]
J 5691 C1 java.util.concurrent.FutureTask.run()V (126 bytes) @ 0x00007f88c1704454 [0x00007f88c1704200+0x254]
j  java.util.concurrent.ThreadPoolExecutor.runWorker(Ljava/util/concurrent/ThreadPoolExecutor$Worker;)V+95
j  java.util.concurrent.ThreadPoolExecutor$Worker.run()V+5
j  java.lang.Thread.run()V+11
v  ~StubRoutines::call_stub

---------------  P R O C E S S  ---------------

Java Threads: ( => current thread )
  0x00007f88560c2000 JavaThread "Timer-0" daemon [_thread_blocked, id=134, stack(0x00007f88adbf7000,0x00007f88adff8000)]
=>0x00007f8850064800 JavaThread "pool-12-thread-5" [_thread_in_native, id=100, stack(0x00007f88adff8000,0x00007f88ae3f9000)]
  0x00007f88d068b800 JavaThread "classloader-cache-cleanup-0" daemon [_thread_blocked, id=24, stack(0x00007f88b77d4000,0x00007f88b7bd5000)]
  0x00007f88d019a800 JavaThread "Service Thread" daemon [_thread_blocked, id=21, stack(0x00007f88bc28a000,0x00007f88bc68b000)]
  0x00007f88d0185000 JavaThread "C1 CompilerThread2" daemon [_thread_blocked, id=20, stack(0x00007f88bc68c000,0x00007f88bc78c000)]
  0x00007f88d0183800 JavaThread "C2 CompilerThread1" daemon [_thread_blocked, id=19, stack(0x00007f88bc78d000,0x00007f88bc88d000)]
  0x00007f88d0180800 JavaThread "C2 CompilerThread0" daemon [_thread_blocked, id=18, stack(0x00007f88bc88e000,0x00007f88bc98e000)]
  0x00007f88d017f000 JavaThread "Signal Dispatcher" daemon [_thread_blocked, id=17, stack(0x00007f88bc98e000,0x00007f88bcd8f000)]
  0x00007f88d014d000 JavaThread "Finalizer" daemon [_thread_blocked, id=16, stack(0x00007f88bcf3b000,0x00007f88bd33c000)]
  0x00007f88d0148800 JavaThread "Reference Handler" daemon [_thread_blocked, id=15, stack(0x00007f88bd33c000,0x00007f88bd73d000)]
  0x00007f88d000a800 JavaThread "main" [_thread_blocked, id=9, stack(0x00007f88d40c6000,0x00007f88d44c6000)]

Other Threads:
  0x00007f88d013f000 VMThread [stack: 0x00007f88bd73e000,0x00007f88bd83e000] [id=14]
  0x00007f88d019d000 WatcherThread [stack: 0x00007f88bc18a000,0x00007f88bc28a000] [id=22]

VM state:not at safepoint (normal execution)

VM Mutex/Monitor currently owned by a thread: None

heap address: 0x0000000700000000, size: 3072 MB, Compressed Oops mode: Zero based, Oop shift amount: 3
Narrow klass base: 0x0000000000000000, Narrow klass shift: 3
Compressed class space size: 1073741824 Address: 0x00000007c0000000

Heap:
 PSYoungGen      total 525824K, used 268175K [0x0000000780000000, 0x00000007b0500000, 0x00000007c0000000)
  eden space 342528K, 76% used [0x0000000780000000,0x000000078fe925d0,0x0000000794e80000)
  from space 183296K, 4% used [0x0000000794e80000,0x00000007955d1a10,0x00000007a0180000)
  to   space 182784K, 0% used [0x00000007a5280000,0x00000007a5280000,0x00000007b0500000)
 ParOldGen       total 583168K, used 230714K [0x0000000700000000, 0x0000000723980000, 0x0000000780000000)
  object space 583168K, 39% used [0x0000000700000000,0x000000070e14e888,0x0000000723980000)
 Metaspace       used 151030K, capacity 169798K, committed 169804K, reserved 1198080K
  class space    used 20263K, capacity 21323K, committed 21324K, reserved 1048576K

Card table byte_map: [0x00007f88bffe6000,0x00007f88c05e7000] byte_map_base: 0x00007f88bc7e6000

Marking Bits: (ParMarkBitMap*) 0x00007f88d5538780
 Begin Bits: [0x00007f889a000000, 0x00007f889d000000)
 End Bits:   [0x00007f889d000000, 0x00007f88a0000000)

Polling page: 0x00007f88d596d000

CodeCache: size=245760Kb used=89620Kb max_used=91526Kb free=156139Kb
 bounds [0x00007f88c09a7000, 0x00007f88c63c7000, 0x00007f88cf9a7000]
 total_blobs=25980 nmethods=25216 adapters=670
 compilation: enabled

Compilation events (10 events):
Event: 158.813 Thread 0x00007f88d0180800 32736       4       scala.collection.immutable.HashMap::updated (7 bytes)
Event: 158.813 Thread 0x00007f88d0180800 nmethod 32736 0x00007f88c5d48310 code [0x00007f88c5d48460, 0x00007f88c5d484e8]
Event: 158.814 Thread 0x00007f88d0183800 nmethod 32718 0x00007f88c5cd9fd0 code [0x00007f88c5cda240, 0x00007f88c5cdb050]
Event: 158.843 Thread 0x00007f88d0185000 32737       3       scala.collection.immutable.Set$Set4::seq (5 bytes)
Event: 158.844 Thread 0x00007f88d0185000 nmethod 32737 0x00007f88c5cdf7d0 code [0x00007f88c5cdf940, 0x00007f88c5cdfbb0]
Event: 158.844 Thread 0x00007f88d0185000 32738       3       scala.collection.immutable.Set$Set4::seq (5 bytes)
Event: 158.844 Thread 0x00007f88d0185000 nmethod 32738 0x00007f88c603c010 code [0x00007f88c603c180, 0x00007f88c603c390]
Event: 158.862 Thread 0x00007f88d0180800 32739       4       sbt.internal.util.Relation$$$Lambda$6102/2040926216::apply (12 bytes)
Event: 158.869 Thread 0x00007f88d0180800 nmethod 32739 0x00007f88c5cd8cd0 code [0x00007f88c5cd8ea0, 0x00007f88c5cd9488]
Event: 158.886 Thread 0x00007f88d0183800 32740       4       scala.collection.immutable.MapLike$$Lambda$1957/200564640::apply (12 bytes)

GC Heap History (10 events):
Event: 120.911 GC heap before
{Heap before GC invocations=22 (full 4):
 PSYoungGen      total 393728K, used 391669K [0x0000000780000000, 0x00000007a3a80000, 0x00000007c0000000)
  eden space 284160K, 100% used [0x0000000780000000,0x0000000791580000,0x0000000791580000)
  from space 109568K, 98% used [0x0000000791580000,0x0000000797e7d7c8,0x0000000798080000)
  to   space 126464K, 0% used [0x000000079bf00000,0x000000079bf00000,0x00000007a3a80000)
 ParOldGen       total 347648K, used 137548K [0x0000000700000000, 0x0000000715380000, 0x0000000780000000)
  object space 347648K, 39% used [0x0000000700000000,0x00000007086530e0,0x0000000715380000)
 Metaspace       used 139208K, capacity 156554K, committed 156620K, reserved 1185792K
  class space    used 18860K, capacity 19853K, committed 19916K, reserved 1048576K
Event: 121.003 GC heap after
Heap after GC invocations=22 (full 4):
 PSYoungGen      total 439296K, used 119786K [0x0000000780000000, 0x00000007a5900000, 0x00000007c0000000)
  eden space 312832K, 0% used [0x0000000780000000,0x0000000780000000,0x0000000793180000)
  from space 126464K, 94% used [0x000000079bf00000,0x00000007a33faab0,0x00000007a3a80000)
  to   space 144896K, 0% used [0x0000000793180000,0x0000000793180000,0x000000079bf00000)
 ParOldGen       total 347648K, used 137572K [0x0000000700000000, 0x0000000715380000, 0x0000000780000000)
  object space 347648K, 39% used [0x0000000700000000,0x00000007086590e0,0x0000000715380000)
 Metaspace       used 139208K, capacity 156554K, committed 156620K, reserved 1185792K
  class space    used 18860K, capacity 19853K, committed 19916K, reserved 1048576K
}
Event: 127.496 GC heap before
{Heap before GC invocations=23 (full 4):
 PSYoungGen      total 439296K, used 432618K [0x0000000780000000, 0x00000007a5900000, 0x00000007c0000000)
  eden space 312832K, 100% used [0x0000000780000000,0x0000000793180000,0x0000000793180000)
  from space 126464K, 94% used [0x000000079bf00000,0x00000007a33faab0,0x00000007a3a80000)
  to   space 144896K, 0% used [0x0000000793180000,0x0000000793180000,0x000000079bf00000)
 ParOldGen       total 347648K, used 137572K [0x0000000700000000, 0x0000000715380000, 0x0000000780000000)
  object space 347648K, 39% used [0x0000000700000000,0x00000007086590e0,0x0000000715380000)
 Metaspace       used 143856K, capacity 162022K, committed 162252K, reserved 1191936K
  class space    used 19372K, capacity 20398K, committed 20428K, reserved 1048576K
Event: 127.591 GC heap after
Heap after GC invocations=23 (full 4):
 PSYoungGen      total 457728K, used 137642K [0x0000000780000000, 0x00000007aa380000, 0x00000007c0000000)
  eden space 312832K, 0% used [0x0000000780000000,0x0000000780000000,0x0000000793180000)
  from space 144896K, 94% used [0x0000000793180000,0x000000079b7ea888,0x000000079bf00000)
  to   space 165888K, 0% used [0x00000007a0180000,0x00000007a0180000,0x00000007aa380000)
 ParOldGen       total 347648K, used 137588K [0x0000000700000000, 0x0000000715380000, 0x0000000780000000)
  object space 347648K, 39% used [0x0000000700000000,0x000000070865d0e0,0x0000000715380000)
 Metaspace       used 143856K, capacity 162022K, committed 162252K, reserved 1191936K
  class space    used 19372K, capacity 20398K, committed 20428K, reserved 1048576K
}
Event: 128.457 GC heap before
{Heap before GC invocations=24 (full 4):
 PSYoungGen      total 457728K, used 161518K [0x0000000780000000, 0x00000007aa380000, 0x00000007c0000000)
  eden space 312832K, 7% used [0x0000000780000000,0x0000000781751118,0x0000000793180000)
  from space 144896K, 94% used [0x0000000793180000,0x000000079b7ea888,0x000000079bf00000)
  to   space 165888K, 0% used [0x00000007a0180000,0x00000007a0180000,0x00000007aa380000)
 ParOldGen       total 347648K, used 137588K [0x0000000700000000, 0x0000000715380000, 0x0000000780000000)
  object space 347648K, 39% used [0x0000000700000000,0x000000070865d0e0,0x0000000715380000)
 Metaspace       used 145379K, capacity 163840K, committed 163968K, reserved 1191936K
  class space    used 19527K, capacity 20569K, committed 20684K, reserved 1048576K
Event: 128.555 GC heap after
Heap after GC invocations=24 (full 4):
 PSYoungGen      total 508416K, used 138569K [0x0000000780000000, 0x00000007ae480000, 0x00000007c0000000)
  eden space 342528K, 0% used [0x0000000780000000,0x0000000780000000,0x0000000794e80000)
  from space 165888K, 83% used [0x00000007a0180000,0x00000007a88d2458,0x00000007aa380000)
  to   space 183296K, 0% used [0x0000000794e80000,0x0000000794e80000,0x00000007a0180000)
 ParOldGen       total 347648K, used 137596K [0x0000000700000000, 0x0000000715380000, 0x0000000780000000)
  object space 347648K, 39% used [0x0000000700000000,0x000000070865f0e0,0x0000000715380000)
 Metaspace       used 145379K, capacity 163840K, committed 163968K, reserved 1191936K
  class space    used 19527K, capacity 20569K, committed 20684K, reserved 1048576K
}
Event: 128.555 GC heap before
{Heap before GC invocations=25 (full 5):
 PSYoungGen      total 508416K, used 138569K [0x0000000780000000, 0x00000007ae480000, 0x00000007c0000000)
  eden space 342528K, 0% used [0x0000000780000000,0x0000000780000000,0x0000000794e80000)
  from space 165888K, 83% used [0x00000007a0180000,0x00000007a88d2458,0x00000007aa380000)
  to   space 183296K, 0% used [0x0000000794e80000,0x0000000794e80000,0x00000007a0180000)
 ParOldGen       total 347648K, used 137596K [0x0000000700000000, 0x0000000715380000, 0x0000000780000000)
  object space 347648K, 39% used [0x0000000700000000,0x000000070865f0e0,0x0000000715380000)
 Metaspace       used 145379K, capacity 163840K, committed 163968K, reserved 1191936K
  class space    used 19527K, capacity 20569K, committed 20684K, reserved 1048576K
Event: 129.233 GC heap after
Heap after GC invocations=25 (full 5):
 PSYoungGen      total 508416K, used 0K [0x0000000780000000, 0x00000007ae480000, 0x00000007c0000000)
  eden space 342528K, 0% used [0x0000000780000000,0x0000000780000000,0x0000000794e80000)
  from space 165888K, 0% used [0x00000007a0180000,0x00000007a0180000,0x00000007aa380000)
  to   space 183296K, 0% used [0x0000000794e80000,0x0000000794e80000,0x00000007a0180000)
 ParOldGen       total 583168K, used 230706K [0x0000000700000000, 0x0000000723980000, 0x0000000780000000)
  object space 583168K, 39% used [0x0000000700000000,0x000000070e14c888,0x0000000723980000)
 Metaspace       used 145379K, capacity 163840K, committed 163968K, reserved 1191936K
  class space    used 19527K, capacity 20569K, committed 20684K, reserved 1048576K
}
Event: 135.421 GC heap before
{Heap before GC invocations=26 (full 5):
 PSYoungGen      total 508416K, used 342528K [0x0000000780000000, 0x00000007ae480000, 0x00000007c0000000)
  eden space 342528K, 100% used [0x0000000780000000,0x0000000794e80000,0x0000000794e80000)
  from space 165888K, 0% used [0x00000007a0180000,0x00000007a0180000,0x00000007aa380000)
  to   space 183296K, 0% used [0x0000000794e80000,0x0000000794e80000,0x00000007a0180000)
 ParOldGen       total 583168K, used 230706K [0x0000000700000000, 0x0000000723980000, 0x0000000780000000)
  object space 583168K, 39% used [0x0000000700000000,0x000000070e14c888,0x0000000723980000)
 Metaspace       used 145709K, capacity 164158K, committed 164300K, reserved 1193984K
  class space    used 19539K, capacity 20578K, committed 20684K, reserved 1048576K
Event: 135.440 GC heap after
Heap after GC invocations=26 (full 5):
 PSYoungGen      total 525824K, used 7494K [0x0000000780000000, 0x00000007b0500000, 0x00000007c0000000)
  eden space 342528K, 0% used [0x0000000780000000,0x0000000780000000,0x0000000794e80000)
  from space 183296K, 4% used [0x0000000794e80000,0x00000007955d1a10,0x00000007a0180000)
  to   space 182784K, 0% used [0x00000007a5280000,0x00000007a5280000,0x00000007b0500000)
 ParOldGen       total 583168K, used 230714K [0x0000000700000000, 0x0000000723980000, 0x0000000780000000)
  object space 583168K, 39% used [0x0000000700000000,0x000000070e14e888,0x0000000723980000)
 Metaspace       used 145709K, capacity 164158K, committed 164300K, reserved 1193984K
  class space    used 19539K, capacity 20578K, committed 20684K, reserved 1048576K
}

Deoptimization events (10 events):
Event: 158.791 Thread 0x00007f8850064800 Uncommon trap: reason=speculate_class_check action=maybe_recompile pc=0x00007f88c0bf72f8 method=scala.collection.immutable.HashMap.$plus(Lscala/Tuple2;)Lscala/collection/immutable/HashMap; @ 20
Event: 158.791 Thread 0x00007f8850064800 Uncommon trap: reason=speculate_class_check action=maybe_recompile pc=0x00007f88c0bf72f8 method=scala.collection.immutable.HashMap.$plus(Lscala/Tuple2;)Lscala/collection/immutable/HashMap; @ 20
Event: 158.792 Thread 0x00007f8850064800 Uncommon trap: reason=speculate_class_check action=maybe_recompile pc=0x00007f88c0bf72f8 method=scala.collection.immutable.HashMap.$plus(Lscala/Tuple2;)Lscala/collection/immutable/HashMap; @ 20
Event: 158.792 Thread 0x00007f8850064800 Uncommon trap: reason=speculate_class_check action=maybe_recompile pc=0x00007f88c0bf72f8 method=scala.collection.immutable.HashMap.$plus(Lscala/Tuple2;)Lscala/collection/immutable/HashMap; @ 20
Event: 158.794 Thread 0x00007f8850064800 Uncommon trap: reason=speculate_class_check action=maybe_recompile pc=0x00007f88c169f270 method=scala.collection.immutable.HashMap.updated(Ljava/lang/Object;Ljava/lang/Object;)Lscala/collection/immutable/HashMap; @ 11
Event: 158.794 Thread 0x00007f8850064800 Uncommon trap: reason=speculate_class_check action=maybe_recompile pc=0x00007f88c169f270 method=scala.collection.immutable.HashMap.updated(Ljava/lang/Object;Ljava/lang/Object;)Lscala/collection/immutable/HashMap; @ 11
Event: 158.796 Thread 0x00007f8850064800 Uncommon trap: reason=speculate_class_check action=maybe_recompile pc=0x00007f88c169f270 method=scala.collection.immutable.HashMap.updated(Ljava/lang/Object;Ljava/lang/Object;)Lscala/collection/immutable/HashMap; @ 11
Event: 158.796 Thread 0x00007f8850064800 Uncommon trap: reason=speculate_class_check action=maybe_recompile pc=0x00007f88c169f270 method=scala.collection.immutable.HashMap.updated(Ljava/lang/Object;Ljava/lang/Object;)Lscala/collection/immutable/HashMap; @ 11
Event: 158.841 Thread 0x00007f8850064800 Uncommon trap: reason=bimorphic action=maybe_recompile pc=0x00007f88c17c06a8 method=scala.collection.immutable.HashMap$HashTrieMap.foreach(Lscala/Function1;)V @ 18
Event: 158.863 Thread 0x00007f8850064800 Uncommon trap: reason=bimorphic action=maybe_recompile pc=0x00007f88c17c06a8 method=scala.collection.immutable.HashMap$HashTrieMap.foreach(Lscala/Function1;)V @ 18

Classes redefined (0 events):
No events

Internal exceptions (10 events):
Event: 135.189 Thread 0x00007f8850064800 Exception <a 'sun/nio/fs/UnixException'> (0x0000000793ef0008) thrown at [/home/jenkins/workspace/build-scripts/jobs/jdk8u/jdk8u-linux-x64-hotspot/workspace/build/src/hotspot/src/share/vm/prims/jni.cpp, line 710]
Event: 135.189 Thread 0x00007f8850064800 Exception <a 'sun/nio/fs/UnixException'> (0x0000000793ef0fc8) thrown at [/home/jenkins/workspace/build-scripts/jobs/jdk8u/jdk8u-linux-x64-hotspot/workspace/build/src/hotspot/src/share/vm/prims/jni.cpp, line 710]
Event: 135.189 Thread 0x00007f8850064800 Exception <a 'sun/nio/fs/UnixException'> (0x0000000793ef1f70) thrown at [/home/jenkins/workspace/build-scripts/jobs/jdk8u/jdk8u-linux-x64-hotspot/workspace/build/src/hotspot/src/share/vm/prims/jni.cpp, line 710]
Event: 135.396 Thread 0x00007f8850064800 Exception <a 'sun/nio/fs/UnixException'> (0x0000000794c2eda0) thrown at [/home/jenkins/workspace/build-scripts/jobs/jdk8u/jdk8u-linux-x64-hotspot/workspace/build/src/hotspot/src/share/vm/prims/jni.cpp, line 710]
Event: 135.396 Thread 0x00007f8850064800 Exception <a 'sun/nio/fs/UnixException'> (0x0000000794c2ff68) thrown at [/home/jenkins/workspace/build-scripts/jobs/jdk8u/jdk8u-linux-x64-hotspot/workspace/build/src/hotspot/src/share/vm/prims/jni.cpp, line 710]
Event: 135.478 Thread 0x00007f8850064800 Exception <a 'sun/nio/fs/UnixException'> (0x0000000780608788) thrown at [/home/jenkins/workspace/build-scripts/jobs/jdk8u/jdk8u-linux-x64-hotspot/workspace/build/src/hotspot/src/share/vm/prims/jni.cpp, line 710]
Event: 135.478 Thread 0x00007f8850064800 Exception <a 'sun/nio/fs/UnixException'> (0x0000000780609918) thrown at [/home/jenkins/workspace/build-scripts/jobs/jdk8u/jdk8u-linux-x64-hotspot/workspace/build/src/hotspot/src/share/vm/prims/jni.cpp, line 710]
Event: 142.501 Thread 0x00007f8850064800 Exception <a 'java/io/FileNotFoundException'> (0x00000007848f4228) thrown at [/home/jenkins/workspace/build-scripts/jobs/jdk8u/jdk8u-linux-x64-hotspot/workspace/build/src/hotspot/src/share/vm/prims/jni.cpp, line 710]
Event: 142.503 Thread 0x00007f8850064800 Exception <a 'java/io/FileNotFoundException'> (0x000000078491e710) thrown at [/home/jenkins/workspace/build-scripts/jobs/jdk8u/jdk8u-linux-x64-hotspot/workspace/build/src/hotspot/src/share/vm/prims/jni.cpp, line 710]
Event: 142.503 Thread 0x00007f8850064800 Exception <a 'java/io/FileNotFoundException'> (0x000000078491f448) thrown at [/home/jenkins/workspace/build-scripts/jobs/jdk8u/jdk8u-linux-x64-hotspot/workspace/build/src/hotspot/src/share/vm/prims/jni.cpp, line 710]

Events (10 events):
Event: 158.841 Thread 0x00007f8850064800 Uncommon trap: trap_request=0xffffffc6 fr.pc=0x00007f88c17c06a8
Event: 158.841 Thread 0x00007f8850064800 DEOPT PACKING pc=0x00007f88c17c06a8 sp=0x00007f88ae3f6490
Event: 158.841 Thread 0x00007f8850064800 DEOPT UNPACKING pc=0x00007f88c09ec47a sp=0x00007f88ae3f6468 mode 2
Event: 158.863 Thread 0x00007f8850064800 Uncommon trap: trap_request=0xffffffc6 fr.pc=0x00007f88c17c06a8
Event: 158.864 Thread 0x00007f8850064800 DEOPT PACKING pc=0x00007f88c17c06a8 sp=0x00007f88ae3f6490
Event: 158.864 Thread 0x00007f8850064800 DEOPT UNPACKING pc=0x00007f88c09ec47a sp=0x00007f88ae3f6468 mode 2
Event: 158.881 loading class sbt/internal/inc/Analysis
Event: 158.881 loading class sbt/internal/inc/Analysis done
Event: 158.881 loading class sbt/internal/inc/Analysis
Event: 158.881 loading class sbt/internal/inc/Analysis done


Dynamic libraries:
700000000-723980000 rw-p 00000000 00:00 0 
723980000-780000000 ---p 00000000 00:00 0 
780000000-7b0500000 rw-p 00000000 00:00 0 
7b0500000-7c0000000 ---p 00000000 00:00 0 
7c0000000-7c14d3000 rw-p 00000000 00:00 0 
7c14d3000-800000000 ---p 00000000 00:00 0 
5611cabac000-5611cabad000 r-xp 00000000 fe:01 397082                     /usr/lib/jvm/jdk8u252-b09/bin/java
5611cadac000-5611cadad000 r--p 00000000 fe:01 397082                     /usr/lib/jvm/jdk8u252-b09/bin/java
5611cadad000-5611cadae000 rw-p 00001000 fe:01 397082                     /usr/lib/jvm/jdk8u252-b09/bin/java
5611cb4fe000-5611cb51f000 rw-p 00000000 00:00 0                          [heap]
7f8839200000-7f8839300000 rw-p 00000000 00:00 0 
7f8839300000-7f8839400000 ---p 00000000 00:00 0 
7f8839400000-7f8839600000 rw-p 00000000 00:00 0 
7f8839600000-7f8839800000 rw-p 00000000 00:00 0 
7f8839800000-7f8839a00000 rw-p 00000000 00:00 0 
7f8839a00000-7f8839c00000 rw-p 00000000 00:00 0 
7f8839c00000-7f8839e00000 rw-p 00000000 00:00 0 
7f8839e00000-7f883a000000 rw-p 00000000 00:00 0 
7f883a000000-7f883a200000 rw-p 00000000 00:00 0 
7f883a200000-7f883a400000 rw-p 00000000 00:00 0 
7f883a400000-7f883a600000 rw-p 00000000 00:00 0 
7f883a600000-7f883a800000 rw-p 00000000 00:00 0 
7f883a800000-7f883aa00000 rw-p 00000000 00:00 0 
7f883aa00000-7f883ac00000 rw-p 00000000 00:00 0 
7f883ac00000-7f883ae00000 rw-p 00000000 00:00 0 
7f883ae00000-7f883b000000 rw-p 00000000 00:00 0 
7f883b000000-7f883b200000 rw-p 00000000 00:00 0 
7f883b200000-7f883b400000 rw-p 00000000 00:00 0 
7f883b400000-7f883b600000 rw-p 00000000 00:00 0 
7f883b600000-7f883b800000 rw-p 00000000 00:00 0 
7f883b800000-7f883ba00000 rw-p 00000000 00:00 0 
7f883ba00000-7f883bc00000 rw-p 00000000 00:00 0 
7f883bc00000-7f883be00000 rw-p 00000000 00:00 0 
7f883be00000-7f883c000000 rw-p 00000000 00:00 0 
7f883c000000-7f883c021000 rw-p 00000000 00:00 0 
7f883c021000-7f8840000000 ---p 00000000 00:00 0 
7f8840000000-7f8840062000 rw-p 00000000 00:00 0 
7f8840062000-7f8844000000 ---p 00000000 00:00 0 
7f8844000000-7f8844074000 rw-p 00000000 00:00 0 
7f8844074000-7f8848000000 ---p 00000000 00:00 0 
7f8848000000-7f884804f000 rw-p 00000000 00:00 0 
7f884804f000-7f884c000000 ---p 00000000 00:00 0 
7f884c000000-7f884cdd5000 rw-p 00000000 00:00 0 
7f884cdd5000-7f8850000000 ---p 00000000 00:00 0 
7f8850000000-7f88501d7000 rw-p 00000000 00:00 0 
7f88501d7000-7f8854000000 ---p 00000000 00:00 0 
7f8854000000-7f88560f8000 rw-p 00000000 00:00 0 
7f88560f8000-7f8858000000 ---p 00000000 00:00 0 
7f8858000000-7f885804c000 rw-p 00000000 00:00 0 
7f885804c000-7f885c000000 ---p 00000000 00:00 0 
7f885c000000-7f885c021000 rw-p 00000000 00:00 0 
7f885c021000-7f8860000000 ---p 00000000 00:00 0 
7f8860000000-7f886016b000 rw-p 00000000 00:00 0 
7f886016b000-7f8864000000 ---p 00000000 00:00 0 
7f8864000000-7f8864021000 rw-p 00000000 00:00 0 
7f8864021000-7f8868000000 ---p 00000000 00:00 0 
7f8868000000-7f886822f000 rw-p 00000000 00:00 0 
7f886822f000-7f886c000000 ---p 00000000 00:00 0 
7f886c000000-7f886c021000 rw-p 00000000 00:00 0 
7f886c021000-7f8870000000 ---p 00000000 00:00 0 
7f8870000000-7f8870022000 rw-p 00000000 00:00 0 
7f8870022000-7f8874000000 ---p 00000000 00:00 0 
7f8874000000-7f8874021000 rw-p 00000000 00:00 0 
7f8874021000-7f8878000000 ---p 00000000 00:00 0 
7f8878000000-7f8878cf2000 rw-p 00000000 00:00 0 
7f8878cf2000-7f887c000000 ---p 00000000 00:00 0 
7f887c000000-7f887dc7f000 rw-p 00000000 00:00 0 
7f887dc7f000-7f8880000000 ---p 00000000 00:00 0 
7f8880000000-7f8880021000 rw-p 00000000 00:00 0 
7f8880021000-7f8884000000 ---p 00000000 00:00 0 
7f8884000000-7f8885b87000 rw-p 00000000 00:00 0 
7f8885b87000-7f8888000000 ---p 00000000 00:00 0 
7f8888000000-7f8889e70000 rw-p 00000000 00:00 0 
7f8889e70000-7f888c000000 ---p 00000000 00:00 0 
7f888c000000-7f888c021000 rw-p 00000000 00:00 0 
7f888c021000-7f8890000000 ---p 00000000 00:00 0 
7f8890000000-7f8890021000 rw-p 00000000 00:00 0 
7f8890021000-7f8894000000 ---p 00000000 00:00 0 
7f8894000000-7f8894021000 rw-p 00000000 00:00 0 
7f8894021000-7f8898000000 ---p 00000000 00:00 0 
7f88981ac000-7f88981ad000 r--s 00008000 00:58 1021301                    /Users/bejallewis/.coursier/cache/v1/https/maven.dev.s-cloud.net/sc-repo/com/github/ghik/silencer-plugin_2.12.11/1.6.0/silencer-plugin_2.12.11-1.6.0.jar
7f88981fe000-7f88983fe000 rw-p 00000000 00:00 0 
7f88983fe000-7f88985fe000 rw-p 00000000 00:00 0 
7f88985fe000-7f88987fe000 rw-p 00000000 00:00 0 
7f88987fe000-7f88989fe000 rw-p 00000000 00:00 0 
7f88989fe000-7f8898a01000 ---p 00000000 00:00 0 
7f8898a01000-7f8898fff000 rw-p 00000000 00:00 0 
7f8898fff000-7f88991ff000 rw-p 00000000 00:00 0 
7f88991ff000-7f88993ff000 rw-p 00000000 00:00 0 
7f88993ff000-7f88995ff000 rw-p 00000000 00:00 0 
7f88995ff000-7f88997ff000 rw-p 00000000 00:00 0 
7f88997ff000-7f88999ff000 rw-p 00000000 00:00 0 
7f88999ff000-7f8899bff000 rw-p 00000000 00:00 0 
7f8899bff000-7f8899c02000 ---p 00000000 00:00 0 
7f8899c02000-7f88a0000000 rw-p 00000000 00:00 0 
7f88a0000000-7f88a002e000 rw-p 00000000 00:00 0 
7f88a002e000-7f88a4000000 ---p 00000000 00:00 0 
7f88a4000000-7f88a4212000 rw-p 00000000 00:00 0 
7f88a4212000-7f88a8000000 ---p 00000000 00:00 0 
7f88a8000000-7f88a8021000 rw-p 00000000 00:00 0 
7f88a8021000-7f88ac000000 ---p 00000000 00:00 0 
7f88ac1f3000-7f88ac3f3000 rw-p 00000000 00:00 0 
7f88ac3f3000-7f88ac5f3000 rw-p 00000000 00:00 0 
7f88ac5f3000-7f88ac7f3000 rw-p 00000000 00:00 0 
7f88ac7f3000-7f88ac7f6000 ---p 00000000 00:00 0 
7f88ac7f6000-7f88acdf4000 rw-p 00000000 00:00 0 
7f88acdf4000-7f88acdf7000 ---p 00000000 00:00 0 
7f88acdf7000-7f88ad1f5000 rw-p 00000000 00:00 0 
7f88ad1f5000-7f88ad1f8000 ---p 00000000 00:00 0 
7f88ad1f8000-7f88ad7f6000 rw-p 00000000 00:00 0 
7f88ad7f6000-7f88ad7f9000 ---p 00000000 00:00 0 
7f88ad7f9000-7f88adbf7000 rw-p 00000000 00:00 0 
7f88adbf7000-7f88adbfa000 ---p 00000000 00:00 0 
7f88adbfa000-7f88adff8000 rw-p 00000000 00:00 0 
7f88adff8000-7f88adffb000 ---p 00000000 00:00 0 
7f88adffb000-7f88ae3f9000 rw-p 00000000 00:00 0 
7f88ae3f9000-7f88ae3fc000 ---p 00000000 00:00 0 
7f88ae3fc000-7f88ae9fa000 rw-p 00000000 00:00 0 
7f88aebfb000-7f88aedfb000 rw-p 00000000 00:00 0 
7f88aedfb000-7f88aedfe000 ---p 00000000 00:00 0 
7f88aedfe000-7f88af1fc000 rw-p 00000000 00:00 0 
7f88af1fe000-7f88af3fe000 rw-p 00000000 00:00 0 
7f88af3fe000-7f88af5fe000 rw-p 00000000 00:00 0 
7f88af5fe000-7f88af7fe000 rw-p 00000000 00:00 0 
7f88af7fe000-7f88af9fe000 rw-p 00000000 00:00 0 
7f88af9fe000-7f88af9ff000 r-xp 00000000 00:58 0                          /Users/bejallewis/.sbt/1.0/swoval-jni/3881143453398964296-libswoval-files0.so (deleted)
7f88af9ff000-7f88afbfe000 ---p 00001000 00:58 0                          /Users/bejallewis/.sbt/1.0/swoval-jni/3881143453398964296-libswoval-files0.so (deleted)
7f88afbfe000-7f88afbff000 r--p 00000000 00:58 0                          /Users/bejallewis/.sbt/1.0/swoval-jni/3881143453398964296-libswoval-files0.so (deleted)
7f88afbff000-7f88afc00000 rw-p 00001000 00:58 0                          /Users/bejallewis/.sbt/1.0/swoval-jni/3881143453398964296-libswoval-files0.so (deleted)
7f88afc00000-7f88afe00000 rw-p 00000000 00:00 0 
7f88afe00000-7f88b0000000 rw-p 00000000 00:00 0 
7f88b0000000-7f88b0021000 rw-p 00000000 00:00 0 
7f88b0021000-7f88b4000000 ---p 00000000 00:00 0 
7f88b40d0000-7f88b40d2000 r--s 00036000 00:58 1654660                    /Users/bejallewis/.sbt/boot/scala-2.12.10/org.scala-sbt/sbt/1.3.10/org.scala-sbt-compiler-bridge_2.12-1.3.5-bin_2.12.11__52.0/org.scala-sbt-compiler-bridge_2.12-1.3.5-bin_2.12.11__52.0.jar
7f88b40d2000-7f88b40f5000 r--s 00360000 00:58 1020581                    /Users/bejallewis/.coursier/cache/v1/https/maven.dev.s-cloud.net/sc-repo/org/scala-lang/scala-reflect/2.12.11/scala-reflect-2.12.11.jar
7f88b40f5000-7f88b42f5000 rw-p 00000000 00:00 0 
7f88b42f5000-7f88b44f5000 rw-p 00000000 00:00 0 
7f88b44f5000-7f88b46f5000 rw-p 00000000 00:00 0 
7f88b46f5000-7f88b472c000 r-xp 00000000 fe:01 397180                     /usr/lib/jvm/jdk8u252-b09/jre/lib/amd64/libsunec.so
7f88b472c000-7f88b492b000 ---p 00037000 fe:01 397180                     /usr/lib/jvm/jdk8u252-b09/jre/lib/amd64/libsunec.so
7f88b492b000-7f88b4930000 r--p 00036000 fe:01 397180                     /usr/lib/jvm/jdk8u252-b09/jre/lib/amd64/libsunec.so
7f88b4930000-7f88b4932000 rw-p 0003b000 fe:01 397180                     /usr/lib/jvm/jdk8u252-b09/jre/lib/amd64/libsunec.so
7f88b4932000-7f88b4b43000 rw-p 00000000 00:00 0 
7f88b4b43000-7f88b4d43000 rw-p 00000000 00:00 0 
7f88b4d43000-7f88b4f43000 rw-p 00000000 00:00 0 
7f88b4f43000-7f88b4f5b000 r-xp 00000000 00:8d 7854478                    /Users/bejallewis/.cache/JNA/temp/jna6210334262262022406.tmp (deleted)
7f88b4f5b000-7f88b515b000 ---p 00018000 00:8d 7854478                    /Users/bejallewis/.cache/JNA/temp/jna6210334262262022406.tmp (deleted)
7f88b515b000-7f88b515c000 rw-p 00018000 00:8d 7854478                    /Users/bejallewis/.cache/JNA/temp/jna6210334262262022406.tmp (deleted)
7f88b515d000-7f88b5160000 r--s 00023000 00:58 1015554                    /Users/bejallewis/.coursier/cache/v1/https/maven.dev.s-cloud.net/sc-repo/org/fusesource/jansi/jansi/1.12/jansi-1.12.jar
7f88b5160000-7f88b5164000 r--s 0003e000 00:58 1015654                    /Users/bejallewis/.coursier/cache/v1/https/maven.dev.s-cloud.net/sc-repo/jline/jline/2.14.6/jline-2.14.6.jar
7f88b5164000-7f88b516a000 r--s 00080000 00:58 1015334                    /Users/bejallewis/.coursier/cache/v1/https/maven.dev.s-cloud.net/sc-repo/org/scala-lang/modules/scala-xml_2.12/1.0.6/scala-xml_2.12-1.0.6.jar
7f88b516a000-7f88b51ba000 r--s 009e9000 00:58 1020768                    /Users/bejallewis/.coursier/cache/v1/https/maven.dev.s-cloud.net/sc-repo/org/scala-lang/scala-compiler/2.12.11/scala-compiler-2.12.11.jar
7f88b51ba000-7f88b51f2000 r--s 004e7000 00:58 1021239                    /Users/bejallewis/.coursier/cache/v1/https/maven.dev.s-cloud.net/sc-repo/org/scala-lang/scala-library/2.12.11/scala-library-2.12.11.jar
7f88b51f2000-7f88b51f7000 r--s 00083000 00:58 1015330                    /Users/bejallewis/.coursier/cache/v1/https/maven.dev.s-cloud.net/sc-repo/org/scala-lang/modules/scala-xml_2.12/1.2.0/scala-xml_2.12-1.2.0.jar
7f88b51f7000-7f88b53f7000 rw-p 00000000 00:00 0 
7f88b53f7000-7f88b55f7000 rw-p 00000000 00:00 0 
7f88b55f7000-7f88b57f7000 rw-p 00000000 00:00 0 
7f88b57f7000-7f88b59f7000 rw-p 00000000 00:00 0 
7f88b59f7000-7f88b5bf7000 rw-p 00000000 00:00 0 
7f88b5bf7000-7f88b5df7000 rw-p 00000000 00:00 0 
7f88b5df7000-7f88b5df9000 r--s 00002000 00:58 1015308                    /Users/bejallewis/.coursier/cache/v1/https/maven.dev.s-cloud.net/sc-repo/org/scala-sbt/test-interface/1.0/test-interface-1.0.jar
7f88b5df9000-7f88b5dfa000 r--s 00000000 00:58 1654109                    /Users/bejallewis/.coursier/cache/v1/https/maven.dev.s-cloud.net/sc-repo/javax/inject/javax.inject/1/javax.inject-1.jar
7f88b5dfa000-7f88b5dfb000 r--s 00001000 00:58 1654010                    /Users/bejallewis/.coursier/cache/v1/https/maven.dev.s-cloud.net/sc-repo/javax/annotation/jsr250-api/1.0/jsr250-api-1.0.jar
7f88b5dfb000-7f88b5e08000 r--s 0010e000 00:58 1017036                    /Users/bejallewis/.coursier/cache/v1/https/maven.dev.s-cloud.net/sc-repo/org/scalacheck/scalacheck_2.12/1.14.3/scalacheck_2.12-1.14.3.jar
7f88b5e08000-7f88b5e44000 r--s 0064a000 00:58 1017177                    /Users/bejallewis/.coursier/cache/v1/https/maven.dev.s-cloud.net/sc-repo/org/scalatest/scalatest_2.12/3.1.1/scalatest_2.12-3.1.1.jar
7f88b5e44000-7f88b5e46000 r--s 0000b000 00:58 1654132                    /Users/bejallewis/.coursier/cache/v1/https/maven.dev.s-cloud.net/sc-repo/org/codehaus/plexus/plexus-classworlds/2.5.2/plexus-classworlds-2.5.2.jar
7f88b5e46000-7f88b5e48000 r--s 00000000 00:58 1653974                    /Users/bejallewis/.coursier/cache/v1/https/maven.dev.s-cloud.net/sc-repo/org/codehaus/plexus/plexus-component-annotations/1.5.5/plexus-component-annotations-1.5.5.jar
7f88b5e48000-7f88b5e50000 r--s 00055000 00:58 1653999                    /Users/bejallewis/.coursier/cache/v1/https/maven.dev.s-cloud.net/sc-repo/org/eclipse/sisu/org.eclipse.sisu.inject/0.3.2/org.eclipse.sisu.inject-0.3.2.jar
7f88b5e50000-7f88b5e57000 r--s 00064000 00:58 1654030                    /Users/bejallewis/.coursier/cache/v1/https/maven.dev.s-cloud.net/sc-repo/org/apache/commons/commons-lang3/3.4/commons-lang3-3.4.jar
7f88b5e57000-7f88b5e5b000 r--s 00038000 00:58 1654101                    /Users/bejallewis/.coursier/cache/v1/https/maven.dev.s-cloud.net/sc-repo/org/codehaus/plexus/plexus-utils/3.0.22/plexus-utils-3.0.22.jar
7f88b5e5b000-7f88b605b000 rw-p 00000000 00:00 0 
7f88b605b000-7f88b625b000 rw-p 00000000 00:00 0 
7f88b625b000-7f88b625e000 r--s 00008000 00:58 1654002                    /Users/bejallewis/.coursier/cache/v1/https/maven.dev.s-cloud.net/sc-repo/javax/enterprise/cdi-api/1.0/cdi-api-1.0.jar
7f88b625e000-7f88b6260000 r--s 00017000 00:58 1017244                    /Users/bejallewis/.coursier/cache/v1/https/maven.dev.s-cloud.net/sc-repo/org/scalatestplus/scalacheck-1-14_2.12/3.1.1.1/scalacheck-1-14_2.12-3.1.1.1.jar
7f88b6260000-7f88b6266000 r--s 0002d000 00:58 1653995                    /Users/bejallewis/.coursier/cache/v1/https/maven.dev.s-cloud.net/sc-repo/org/eclipse/sisu/org.eclipse.sisu.plexus/0.3.2/org.eclipse.sisu.plexus-0.3.2.jar
7f88b6266000-7f88b6268000 r--s 0000c000 00:58 1654099                    /Users/bejallewis/.coursier/cache/v1/https/maven.dev.s-cloud.net/sc-repo/org/apache/maven/maven-artifact/3.3.9/maven-artifact-3.3.9.jar
7f88b6268000-7f88b626b000 r--s 00026000 00:58 1654048                    /Users/bejallewis/.coursier/cache/v1/https/maven.dev.s-cloud.net/sc-repo/org/apache/maven/maven-model/3.3.9/maven-model-3.3.9.jar
7f88b626b000-7f88b626d000 r--s 00007000 00:58 1653981                    /Users/bejallewis/.coursier/cache/v1/https/maven.dev.s-cloud.net/sc-repo/org/ow2/asm/asm-analysis/7.0/asm-analysis-7.0.jar
7f88b626d000-7f88b626f000 r--s 0000b000 00:58 1654077                    /Users/bejallewis/.coursier/cache/v1/https/maven.dev.s-cloud.net/sc-repo/org/ow2/asm/asm-tree/7.0/asm-tree-7.0.jar
7f88b626f000-7f88b6270000 r--s 00004000 00:58 1653949                    /Users/bejallewis/.coursier/cache/v1/https/maven.dev.s-cloud.net/sc-repo/org/apache/ant/ant-launcher/1.9.9/ant-launcher-1.9.9.jar
7f88b6270000-7f88b6273000 r--s 0001f000 00:58 1017203                    /Users/bejallewis/.coursier/cache/v1/https/maven.dev.s-cloud.net/sc-repo/org/scala-lang/modules/scala-collection-compat_2.12/2.1.4/scala-collection-compat_2.12-2.1.4.jar
7f88b6273000-7f88b6282000 r--s 0014d000 00:58 1017247                    /Users/bejallewis/.coursier/cache/v1/https/maven.dev.s-cloud.net/sc-repo/com/google/protobuf/protobuf-java/3.7.1/protobuf-java-3.7.1.jar
7f88b6282000-7f88b6284000 r--s 00013000 00:58 1017055                    /Users/bejallewis/.coursier/cache/v1/https/maven.dev.s-cloud.net/sc-repo/com/thesamet/scalapb/protoc-bridge_2.12/0.8.1/protoc-bridge_2.12-0.8.1.jar
7f88b6284000-7f88b6286000 r--s 009bc000 00:58 1017040                    /Users/bejallewis/.coursier/cache/v1/https/maven.dev.s-cloud.net/sc-repo/com/github/os72/protoc-jar/3.11.4/protoc-jar-3.11.4.jar
7f88b6286000-7f88b6287000 r--s 00003000 00:58 1017085                    /Users/bejallewis/.coursier/cache/v1/https/maven.dev.s-cloud.net/sc-repo/org.portable-scala/sbt-platform-deps/scala_2.12/sbt_1.0/1.0.0/jars/sbt-platform-deps.jar
7f88b6287000-7f88b6289000 r--s 00007000 00:58 1017110                    /Users/bejallewis/.coursier/cache/v1/https/maven.dev.s-cloud.net/sc-repo/com/thoughtworks/paranamer/paranamer/2.8/paranamer-2.8.jar
7f88b6289000-7f88b628e000 r--s 00043000 00:58 1017165                    /Users/bejallewis/.coursier/cache/v1/https/maven.dev.s-cloud.net/sc-repo/com/typesafe/config/1.4.0/config-1.4.0.jar
7f88b628e000-7f88b62bf000 r--s 002cc000 00:58 1017057                    /Users/bejallewis/.coursier/cache/v1/https/maven.dev.s-cloud.net/sc-repo/io/get-coursier/interface/0.0.17/interface-0.0.17.jar
7f88b62bf000-7f88b62c1000 r--s 00000000 00:58 1653951                    /Users/bejallewis/.coursier/cache/v1/https/maven.dev.s-cloud.net/sc-repo/org/scalameta/scalafmt-interfaces/2.5.2/scalafmt-interfaces-2.5.2.jar
7f88b62c1000-7f88b62c3000 r--s 0000a000 00:58 1653959                    /Users/bejallewis/.coursier/cache/v1/https/maven.dev.s-cloud.net/sc-repo/org/apache/maven/maven-plugin-api/3.3.9/maven-plugin-api-3.3.9.jar
7f88b62c3000-7f88b62c5000 r--s 00012000 00:58 1654066                    /Users/bejallewis/.coursier/cache/v1/https/maven.dev.s-cloud.net/sc-repo/org/ow2/asm/asm-commons/7.0/asm-commons-7.0.jar
7f88b62c5000-7f88b62c7000 r--s 0001a000 00:58 1653976                    /Users/bejallewis/.coursier/cache/v1/https/maven.dev.s-cloud.net/sc-repo/org/ow2/asm/asm/7.0/asm-7.0.jar
7f88b62c7000-7f88b62e6000 r--s 001d5000 00:58 1653957                    /Users/bejallewis/.coursier/cache/v1/https/maven.dev.s-cloud.net/sc-repo/org/apache/ant/ant/1.9.9/ant-1.9.9.jar
7f88b62e6000-7f88b62ea000 r--s 00065000 00:58 1017047                    /Users/bejallewis/.coursier/cache/v1/https/maven.dev.s-cloud.net/sc-repo/com/thesamet/scalapb/compilerplugin_2.12/0.10.2/compilerplugin_2.12-0.10.2.jar
7f88b62ea000-7f88b62eb000 r--s 0001a000 00:58 1017069                    /Users/bejallewis/.coursier/cache/v1/https/maven.dev.s-cloud.net/sc-repo/com.thesamet/sbt-protoc/scala_2.12/sbt_1.0/0.99.31/jars/sbt-protoc.jar
7f88b62eb000-7f88b62ed000 r--s 00009000 00:58 1654093                    /Users/bejallewis/.coursier/cache/v1/https/maven.dev.s-cloud.net/sc-repo/com/fasterxml/jackson/module/jackson-module-paranamer/2.11.0/jackson-module-paranamer-2.11.0.jar
7f88b62ed000-7f88b6303000 r--s 00145000 00:58 1654052                    /Users/bejallewis/.coursier/cache/v1/https/maven.dev.s-cloud.net/sc-repo/com/fasterxml/jackson/core/jackson-databind/2.11.0/jackson-databind-2.11.0.jar
7f88b6303000-7f88b6306000 r--s 0000e000 00:58 1653953                    /Users/bejallewis/.coursier/cache/v1/https/maven.dev.s-cloud.net/sc-repo/com/fasterxml/jackson/core/jackson-annotations/2.11.0/jackson-annotations-2.11.0.jar
7f88b6306000-7f88b630a000 r--s 00052000 00:58 1654040                    /Users/bejallewis/.coursier/cache/v1/https/maven.dev.s-cloud.net/sc-repo/com/fasterxml/jackson/core/jackson-core/2.11.0/jackson-core-2.11.0.jar
7f88b630a000-7f88b630d000 r--s 0001f000 00:58 1654025                    /Users/bejallewis/.coursier/cache/v1/https/maven.dev.s-cloud.net/sc-repo/org/scalameta/scalafmt-dynamic_2.12/2.5.2/scalafmt-dynamic_2.12-2.5.2.jar
7f88b630d000-7f88b630e000 r--s 00000000 00:58 1017089                    /Users/bejallewis/.coursier/cache/v1/https/maven.dev.s-cloud.net/sc-repo/com.dwijnand/sbt-compat/scala_2.12/sbt_1.0/1.2.6/jars/sbt-compat.jar
7f88b630e000-7f88b6311000 r--s 0001c000 00:58 1654050                    /Users/bejallewis/.coursier/cache/v1/https/maven.dev.s-cloud.net/sc-repo/org/pantsbuild/jarjar/1.7.2/jarjar-1.7.2.jar
7f88b6311000-7f88b631d000 r--s 00176000 00:58 1017169                    /Users/bejallewis/.coursier/cache/v1/https/maven.dev.s-cloud.net/sc-repo/org/scalactic/scalactic_2.12/3.1.1/scalactic_2.12-3.1.1.jar
7f88b631d000-7f88b6324000 r--s 00050000 00:58 1654091                    /Users/bejallewis/.coursier/cache/v1/https/maven.dev.s-cloud.net/sc-repo/com/fasterxml/jackson/module/jackson-module-scala_2.12/2.11.0/jackson-module-scala_2.12-2.11.0.jar
7f88b6324000-7f88b6326000 r--s 00008000 00:58 1654085                    /Users/bejallewis/.coursier/cache/v1/https/maven.dev.s-cloud.net/sc-repo/org/scalameta/sbt-scalafmt_2.12_1.0/2.4.0/sbt-scalafmt-2.4.0.jar
7f88b6326000-7f88b6329000 r--s 00021000 00:58 1654038                    /Users/bejallewis/.coursier/cache/v1/https/maven.dev.s-cloud.net/sc-repo/net/virtual-void/sbt-dependency-graph_2.12_1.0/0.10.0-RC1/sbt-dependency-graph-0.10.0-RC1.jar
7f88b6329000-7f88b632b000 r--s 0001d000 00:58 1653993                    /Users/bejallewis/.coursier/cache/v1/https/maven.dev.s-cloud.net/sc-repo/com.eed3si9n/sbt-assembly/scala_2.12/sbt_1.0/0.14.10/jars/sbt-assembly.jar
7f88b632b000-7f88b63a5000 r--s 01103000 fe:01 397266                     /usr/lib/jvm/jdk8u252-b09/lib/tools.jar
7f88b63a5000-7f88b63a8000 r--p 00000000 fe:01 3411137                    /lib/x86_64-linux-gnu/libgcc_s.so.1
7f88b63a8000-7f88b63b9000 r-xp 00003000 fe:01 3411137                    /lib/x86_64-linux-gnu/libgcc_s.so.1
7f88b63b9000-7f88b63bc000 r--p 00014000 fe:01 3411137                    /lib/x86_64-linux-gnu/libgcc_s.so.1
7f88b63bc000-7f88b63bd000 ---p 00017000 fe:01 3411137                    /lib/x86_64-linux-gnu/libgcc_s.so.1
7f88b63bd000-7f88b63be000 r--p 00017000 fe:01 3411137                    /lib/x86_64-linux-gnu/libgcc_s.so.1
7f88b63be000-7f88b63bf000 rw-p 00018000 fe:01 3411137                    /lib/x86_64-linux-gnu/libgcc_s.so.1
7f88b63bf000-7f88b63c0000 r--s 00005000 00:58 1017137                    /Users/bejallewis/.coursier/cache/v1/https/maven.dev.s-cloud.net/sc-repo/com/soundcloud/twinagle-scalapb-plugin_2.12_1.0/0.6.0/twinagle-scalapb-plugin-0.6.0.jar
7f88b63c0000-7f88b63c2000 r--s 00001000 00:58 4148624                    /Users/bejallewis/.coursier/cache/v1/https/maven.dev.s-cloud.net/sc-repo/com/soundcloud/jvmkit-twirp-sbt-plugin_2.12_1.0/12.8.1/jvmkit-twirp-sbt-plugin-12.8.1.jar
7f88b63c2000-7f88b63c4000 r--s 0000b000 00:58 1883810                    /Users/bejallewis/.coursier/cache/v1/https/maven.dev.s-cloud.net/sc-repo/com/soundcloud/sbtkit_2.12_1.0/3.0.2/sbtkit-3.0.2.jar
7f88b63c4000-7f88b63c6000 r--s 00016000 fe:01 397223                     /usr/lib/jvm/jdk8u252-b09/jre/lib/jce.jar
7f88b63c6000-7f88b63c9000 ---p 00000000 00:00 0 
7f88b63c9000-7f88b63ff000 rw-p 00000000 00:00 0 
7f88b63ff000-7f88b6404000 r--s 000a7000 fe:01 397225                     /usr/lib/jvm/jdk8u252-b09/jre/lib/jsse.jar
7f88b6404000-7f88b6408000 r--s 0003a000 fe:01 397209                     /usr/lib/jvm/jdk8u252-b09/jre/lib/ext/sunpkcs11.jar
7f88b6408000-7f88b6409000 r--s 0000d000 fe:01 397207                     /usr/lib/jvm/jdk8u252-b09/jre/lib/ext/sunec.jar
7f88b6409000-7f88b640a000 r--s 0000a000 fe:01 397203                     /usr/lib/jvm/jdk8u252-b09/jre/lib/ext/jaccess.jar
7f88b640a000-7f88b6410000 r--s 0003d000 fe:01 397208                     /usr/lib/jvm/jdk8u252-b09/jre/lib/ext/sunjce_provider.jar
7f88b6410000-7f88b6411000 r--s 00010000 fe:01 397210                     /usr/lib/jvm/jdk8u252-b09/jre/lib/ext/zipfs.jar
7f88b6411000-7f88b642d000 r--s 00393000 fe:01 397201                     /usr/lib/jvm/jdk8u252-b09/jre/lib/ext/cldrdata.jar
7f88b642d000-7f88b642f000 r--s 00001000 fe:01 397202                     /usr/lib/jvm/jdk8u252-b09/jre/lib/ext/dnsns.jar
7f88b642f000-7f88b6439000 r--s 00116000 fe:01 397204                     /usr/lib/jvm/jdk8u252-b09/jre/lib/ext/localedata.jar
7f88b6439000-7f88b643e000 r--s 002f9000 fe:01 397190                     /usr/lib/jvm/jdk8u252-b09/jre/lib/charsets.jar
7f88b643e000-7f88b6440000 r--s 00016000 fe:01 397223                     /usr/lib/jvm/jdk8u252-b09/jre/lib/jce.jar
7f88b6440000-7f88b6445000 r--s 000a7000 fe:01 397225                     /usr/lib/jvm/jdk8u252-b09/jre/lib/jsse.jar
7f88b6445000-7f88b6458000 r--s 00346000 fe:01 397238                     /usr/lib/jvm/jdk8u252-b09/jre/lib/resources.jar
7f88b6458000-7f88b6658000 rw-p 00000000 00:00 0 
7f88b6658000-7f88b6858000 rw-p 00000000 00:00 0 
7f88b6858000-7f88b6873000 r--s 001d6000 fe:01 397206                     /usr/lib/jvm/jdk8u252-b09/jre/lib/ext/nashorn.jar
7f88b6873000-7f88b687c000 r-xp 00000000 fe:01 397172                     /usr/lib/jvm/jdk8u252-b09/jre/lib/amd64/libmanagement.so
7f88b687c000-7f88b6a7b000 ---p 00009000 fe:01 397172                     /usr/lib/jvm/jdk8u252-b09/jre/lib/amd64/libmanagement.so
7f88b6a7b000-7f88b6a7c000 r--p 00008000 fe:01 397172                     /usr/lib/jvm/jdk8u252-b09/jre/lib/amd64/libmanagement.so
7f88b6a7c000-7f88b6a7d000 rw-p 00009000 fe:01 397172                     /usr/lib/jvm/jdk8u252-b09/jre/lib/amd64/libmanagement.so
7f88b6a7d000-7f88b6c7d000 rw-p 00000000 00:00 0 
7f88b6c7d000-7f88b6c7e000 r--s 0000f000 00:58 924900                     /Users/bejallewis/.sbt/boot/scala-2.12.10/org.scala-sbt/sbt/1.3.10/zinc_2.12-1.3.5.jar
7f88b6c7e000-7f88b6c83000 r--s 00083000 00:58 924926                     /Users/bejallewis/.sbt/boot/scala-2.12.10/org.scala-sbt/sbt/1.3.10/zinc-core_2.12-1.3.5.jar
7f88b6c83000-7f88b6c86000 r--s 00035000 00:58 924937                     /Users/bejallewis/.sbt/boot/scala-2.12.10/org.scala-sbt/sbt/1.3.10/compiler-bridge_2.12-1.3.5.jar
7f88b6c86000-7f88b6c88000 r--s 0000f000 00:58 924877                     /Users/bejallewis/.sbt/boot/scala-2.12.10/org.scala-sbt/sbt/1.3.10/shaded-scalajson_2.12-1.0.0-M4.jar
7f88b6c88000-7f88b6c9e000 r--s 000e0000 00:58 924884                     /Users/bejallewis/.sbt/boot/scala-2.12.10/org.scala-sbt/sbt/1.3.10/caffeine-2.5.6.jar
7f88b6c9e000-7f88b6c9f000 r--s 00005000 00:58 924859                     /Users/bejallewis/.sbt/boot/scala-2.12.10/org.scala-sbt/sbt/1.3.10/ipcsocket-1.0.1.jar
7f88b6c9f000-7f88b6ca1000 r--s 0000b000 00:58 924868                     /Users/bejallewis/.sbt/boot/scala-2.12.10/org.scala-sbt/sbt/1.3.10/logic_2.12-1.3.10.jar
7f88b6ca1000-7f88b6ca3000 r--s 00012000 00:58 924916                     /Users/bejallewis/.sbt/boot/scala-2.12.10/org.scala-sbt/sbt/1.3.10/core-macros_2.12-1.3.10.jar
7f88b6ca3000-7f88b6ca4000 r--s 00001000 00:58 924862                     /Users/bejallewis/.sbt/boot/scala-2.12.10/org.scala-sbt/sbt/1.3.10/sjson-new-murmurhash_2.12-0.8.3.jar
7f88b6ca4000-7f88b6ca5000 r--s 00008000 00:58 924905                     /Users/bejallewis/.sbt/boot/scala-2.12.10/org.scala-sbt/sbt/1.3.10/util-tracking_2.12-1.3.3.jar
7f88b6ca5000-7f88b6ca7000 r--s 00024000 00:58 924898                     /Users/bejallewis/.sbt/boot/scala-2.12.10/org.scala-sbt/sbt/1.3.10/zinc-apiinfo_2.12-1.3.5.jar
7f88b6ca7000-7f88b6cac000 r--s 00083000 00:58 924932                     /Users/bejallewis/.sbt/boot/scala-2.12.10/org.scala-sbt/sbt/1.3.10/scala-xml_2.12-1.2.0.jar
7f88b6cac000-7f88b6eac000 rw-p 00000000 00:00 0 
7f88b6eac000-7f88b70ac000 rw-p 00000000 00:00 0 
7f88b70ac000-7f88b72ac000 rw-p 00000000 00:00 0 
7f88b72ac000-7f88b72af000 r--s 0001c000 00:58 924918                     /Users/bejallewis/.sbt/boot/scala-2.12.10/org.scala-sbt/sbt/1.3.10/scalacache-core_2.12-0.20.0.jar
7f88b72af000-7f88b72b2000 r--s 00041000 00:58 924876                     /Users/bejallewis/.sbt/boot/scala-2.12.10/org.scala-sbt/sbt/1.3.10/completion_2.12-1.3.10.jar
7f88b72b2000-7f88b72b5000 r--s 00035000 00:58 924897                     /Users/bejallewis/.sbt/boot/scala-2.12.10/org.scala-sbt/sbt/1.3.10/zinc-compile-core_2.12-1.3.5.jar
7f88b72b5000-7f88b72b7000 r--s 00015000 00:58 924939                     /Users/bejallewis/.sbt/boot/scala-2.12.10/org.scala-sbt/sbt/1.3.10/okio-1.17.2.jar
7f88b72b7000-7f88b72b8000 r--s 00001000 00:58 924923                     /Users/bejallewis/.sbt/boot/scala-2.12.10/org.scala-sbt/sbt/1.3.10/scalacache-caffeine_2.12-0.20.0.jar
7f88b72b8000-7f88b72ba000 r--s 0000f000 00:58 924930                     /Users/bejallewis/.sbt/boot/scala-2.12.10/org.scala-sbt/sbt/1.3.10/util-scripted_2.12-1.3.3.jar
7f88b72ba000-7f88b72bf000 r--s 00040000 00:58 924891                     /Users/bejallewis/.sbt/boot/scala-2.12.10/org.scala-sbt/sbt/1.3.10/jsch-0.1.54.jar
7f88b72bf000-7f88b732f000 r--s 006c4000 00:58 924894                     /Users/bejallewis/.sbt/boot/scala-2.12.10/org.scala-sbt/sbt/1.3.10/lm-coursier-shaded_2.12-2.0.0-RC6-2.jar
7f88b732f000-7f88b7330000 r--s 00006000 00:58 924928                     /Users/bejallewis/.sbt/boot/scala-2.12.10/org.scala-sbt/sbt/1.3.10/util-position_2.12-1.3.3.jar
7f88b7330000-7f88b7332000 r--s 00017000 00:58 924881                     /Users/bejallewis/.sbt/boot/scala-2.12.10/org.scala-sbt/sbt/1.3.10/zinc-classfile_2.12-1.3.5.jar
7f88b7332000-7f88b7334000 r--s 00009000 00:58 924922                     /Users/bejallewis/.sbt/boot/scala-2.12.10/org.scala-sbt/sbt/1.3.10/gigahorse-okhttp_2.12-0.5.0.jar
7f88b7334000-7f88b7338000 r--s 00047000 00:58 924882                     /Users/bejallewis/.sbt/boot/scala-2.12.10/org.scala-sbt/sbt/1.3.10/fastparse_2.12-0.4.2.jar
7f88b7338000-7f88b733a000 r--s 00011000 00:58 924927                     /Users/bejallewis/.sbt/boot/scala-2.12.10/org.scala-sbt/sbt/1.3.10/jawn-parser_2.12-0.10.4.jar
7f88b733a000-7f88b7344000 r--s 000b8000 00:58 924864                     /Users/bejallewis/.sbt/boot/scala-2.12.10/org.scala-sbt/sbt/1.3.10/librarymanagement-core_2.12-1.3.2.jar
7f88b7344000-7f88b7345000 r--s 00000000 00:58 924909                     /Users/bejallewis/.sbt/boot/scala-2.12.10/org.scala-sbt/sbt/1.3.10/scripted-plugin_2.12-1.3.10.jar
7f88b7345000-7f88b7347000 r--s 00011000 00:58 924917                     /Users/bejallewis/.sbt/boot/scala-2.12.10/org.scala-sbt/sbt/1.3.10/scripted-sbt-redux_2.12-1.3.10.jar
7f88b7347000-7f88b7348000 r--s 00000000 00:58 924888                     /Users/bejallewis/.sbt/boot/scala-2.12.10/org.scala-sbt/sbt/1.3.10/template-resolver-0.1.jar
7f88b7348000-7f88b734c000 r--s 0016c000 00:58 924904                     /Users/bejallewis/.sbt/boot/scala-2.12.10/org.scala-sbt/sbt/1.3.10/jna-5.5.0.jar
7f88b734c000-7f88b7351000 r--s 00068000 00:58 924875                     /Users/bejallewis/.sbt/boot/scala-2.12.10/org.scala-sbt/sbt/1.3.10/protocol_2.12-1.3.10.jar
7f88b7351000-7f88b7352000 r--s 00000000 00:58 924865                     /Users/bejallewis/.sbt/boot/scala-2.12.10/org.scala-sbt/sbt/1.3.10/util-interface-1.3.3.jar
7f88b7352000-7f88b7353000 r--s 00003000 00:58 924896                     /Users/bejallewis/.sbt/boot/scala-2.12.10/org.scala-sbt/sbt/1.3.10/util-relation_2.12-1.3.3.jar
7f88b7353000-7f88b7356000 r--s 00012000 00:58 924880                     /Users/bejallewis/.sbt/boot/scala-2.12.10/org.scala-sbt/sbt/1.3.10/disruptor-3.4.2.jar
7f88b7356000-7f88b7357000 r--s 00000000 00:58 924920                     /Users/bejallewis/.sbt/boot/scala-2.12.10/org.scala-sbt/sbt/1.3.10/reactive-streams-1.0.2.jar
7f88b7357000-7f88b7358000 r--s 00007000 00:58 924935                     /Users/bejallewis/.sbt/boot/scala-2.12.10/org.scala-sbt/sbt/1.3.10/okhttp-urlconnection-3.7.0.jar
7f88b7358000-7f88b735a000 r--s 00003000 00:58 924911                     /Users/bejallewis/.sbt/boot/scala-2.12.10/org.scala-sbt/sbt/1.3.10/zinc-compile_2.12-1.3.5.jar
7f88b735a000-7f88b735f000 r--s 0002f000 00:58 924893                     /Users/bejallewis/.sbt/boot/scala-2.12.10/org.scala-sbt/sbt/1.3.10/file-tree-views-2.1.3.jar
7f88b735f000-7f88b737e000 r--s 00270000 00:58 924886                     /Users/bejallewis/.sbt/boot/scala-2.12.10/org.scala-sbt/sbt/1.3.10/jna-platform-5.5.0.jar
7f88b737e000-7f88b7384000 r--s 00094000 00:58 924873                     /Users/bejallewis/.sbt/boot/scala-2.12.10/org.scala-sbt/sbt/1.3.10/librarymanagement-ivy_2.12-1.3.2.jar
7f88b7384000-7f88b7386000 r--s 00007000 00:58 924870                     /Users/bejallewis/.sbt/boot/scala-2.12.10/org.scala-sbt/sbt/1.3.10/lenses_2.12-0.4.12.jar
7f88b7386000-7f88b7388000 r--s 00012000 00:58 924913                     /Users/bejallewis/.sbt/boot/scala-2.12.10/org.scala-sbt/sbt/1.3.10/run_2.12-1.3.10.jar
7f88b7388000-7f88b738a000 r--s 00019000 00:58 924902                     /Users/bejallewis/.sbt/boot/scala-2.12.10/org.scala-sbt/sbt/1.3.10/sourcecode_2.12-0.1.3.jar
7f88b738a000-7f88b738c000 r--s 00008000 00:58 924907                     /Users/bejallewis/.sbt/boot/scala-2.12.10/org.scala-sbt/sbt/1.3.10/sjson-new-scalajson_2.12-0.8.3.jar
7f88b738c000-7f88b738e000 r--s 00032000 00:58 924910                     /Users/bejallewis/.sbt/boot/scala-2.12.10/org.scala-sbt/sbt/1.3.10/util-cache_2.12-1.3.3.jar
7f88b738e000-7f88b7392000 r--s 00033000 00:58 924860                     /Users/bejallewis/.sbt/boot/scala-2.12.10/org.scala-sbt/sbt/1.3.10/scala-parser-combinators_2.12-1.1.2.jar
7f88b7392000-7f88b7393000 r--s 00014000 00:58 924936                     /Users/bejallewis/.sbt/boot/scala-2.12.10/org.scala-sbt/sbt/1.3.10/tasks_2.12-1.3.10.jar
7f88b7393000-7f88b7398000 r--s 0004e000 00:58 924872                     /Users/bejallewis/.sbt/boot/scala-2.12.10/org.scala-sbt/sbt/1.3.10/collections_2.12-1.3.10.jar
7f88b7398000-7f88b739a000 r--s 0001a000 00:58 924915                     /Users/bejallewis/.sbt/boot/scala-2.12.10/org.scala-sbt/sbt/1.3.10/task-system_2.12-1.3.10.jar
7f88b739a000-7f88b739c000 r--s 0000b000 00:58 924901                     /Users/bejallewis/.sbt/boot/scala-2.12.10/org.scala-sbt/sbt/1.3.10/zinc-lm-integration_2.12-1.3.10.jar
7f88b739c000-7f88b73b1000 r--s 00103000 00:58 924903                     /Users/bejallewis/.sbt/boot/scala-2.12.10/org.scala-sbt/sbt/1.3.10/ivy-2.3.0-sbt-fa726854dd30be842ff9e6d2093df6adfe3871f5.jar
7f88b73b1000-7f88b73b3000 r--s 0000e000 00:58 924899                     /Users/bejallewis/.sbt/boot/scala-2.12.10/org.scala-sbt/sbt/1.3.10/fastparse-utils_2.12-0.4.2.jar
7f88b73b3000-7f88b73d4000 r--s 0016d000 00:58 924861                     /Users/bejallewis/.sbt/boot/scala-2.12.10/org.scala-sbt/sbt/1.3.10/log4j-core-2.11.2.jar
7f88b73d4000-7f88b75d4000 rw-p 00000000 00:00 0 
7f88b75d4000-7f88b77d4000 rw-p 00000000 00:00 0 
7f88b77d4000-7f88b77d7000 ---p 00000000 00:00 0 
7f88b77d7000-7f88b7bd5000 rw-p 00000000 00:00 0 
7f88b7bd5000-7f88b7bec000 r-xp 00000000 fe:01 397174                     /usr/lib/jvm/jdk8u252-b09/jre/lib/amd64/libnet.so
7f88b7bec000-7f88b7deb000 ---p 00017000 fe:01 397174                     /usr/lib/jvm/jdk8u252-b09/jre/lib/amd64/libnet.so
7f88b7deb000-7f88b7dec000 r--p 00016000 fe:01 397174                     /usr/lib/jvm/jdk8u252-b09/jre/lib/amd64/libnet.so
7f88b7dec000-7f88b7ded000 rw-p 00017000 fe:01 397174                     /usr/lib/jvm/jdk8u252-b09/jre/lib/amd64/libnet.so
7f88b7ded000-7f88b7dfe000 r-xp 00000000 fe:01 397175                     /usr/lib/jvm/jdk8u252-b09/jre/lib/amd64/libnio.so
7f88b7dfe000-7f88b7ffe000 ---p 00011000 fe:01 397175                     /usr/lib/jvm/jdk8u252-b09/jre/lib/amd64/libnio.so
7f88b7ffe000-7f88b7fff000 r--p 00011000 fe:01 397175                     /usr/lib/jvm/jdk8u252-b09/jre/lib/amd64/libnio.so
7f88b7fff000-7f88b8000000 rw-p 00012000 fe:01 397175                     /usr/lib/jvm/jdk8u252-b09/jre/lib/amd64/libnio.so
7f88b8000000-7f88b8041000 rw-p 00000000 00:00 0 
7f88b8041000-7f88bc000000 ---p 00000000 00:00 0 
7f88bc000000-7f88bc001000 r--s 00005000 00:58 924921                     /Users/bejallewis/.sbt/boot/scala-2.12.10/org.scala-sbt/sbt/1.3.10/test-agent-1.3.10.jar
7f88bc001000-7f88bc005000 r--s 00046000 00:58 924938                     /Users/bejallewis/.sbt/boot/scala-2.12.10/org.scala-sbt/sbt/1.3.10/ssl-config-core_2.12-0.4.0.jar
7f88bc005000-7f88bc007000 r--s 00002000 00:58 924885                     /Users/bejallewis/.sbt/boot/scala-2.12.10/org.scala-sbt/sbt/1.3.10/util-control_2.12-1.3.3.jar
7f88bc007000-7f88bc00b000 r--s 0003e000 00:58 924890                     /Users/bejallewis/.sbt/boot/scala-2.12.10/org.scala-sbt/sbt/1.3.10/jline-2.14.6.jar
7f88bc00b000-7f88bc00e000 r--s 00031000 00:58 924892                     /Users/bejallewis/.sbt/boot/scala-2.12.10/org.scala-sbt/sbt/1.3.10/actions_2.12-1.3.10.jar
7f88bc00e000-7f88bc00f000 r--s 00010000 00:58 924889                     /Users/bejallewis/.sbt/boot/scala-2.12.10/org.scala-sbt/sbt/1.3.10/sbt-1.3.10.jar
7f88bc00f000-7f88bc033000 r--s 0035f000 00:58 924929                     /Users/bejallewis/.sbt/boot/scala-2.12.10/org.scala-sbt/sbt/1.3.10/scala-reflect-2.12.10.jar
7f88bc033000-7f88bc034000 r--s 00005000 00:58 924866                     /Users/bejallewis/.sbt/boot/scala-2.12.10/org.scala-sbt/sbt/1.3.10/log4j-slf4j-impl-2.11.2.jar
7f88bc034000-7f88bc043000 r--s 0014d000 00:58 924883                     /Users/bejallewis/.sbt/boot/scala-2.12.10/org.scala-sbt/sbt/1.3.10/protobuf-java-3.7.0.jar
7f88bc043000-7f88bc046000 r--s 00030000 00:58 924869                     /Users/bejallewis/.sbt/boot/scala-2.12.10/org.scala-sbt/sbt/1.3.10/testing_2.12-1.3.10.jar
7f88bc046000-7f88bc04b000 r--s 00041000 00:58 924934                     /Users/bejallewis/.sbt/boot/scala-2.12.10/org.scala-sbt/sbt/1.3.10/config-1.3.3.jar
7f88bc04b000-7f88bc04e000 r--s 0002a000 00:58 924925                     /Users/bejallewis/.sbt/boot/scala-2.12.10/org.scala-sbt/sbt/1.3.10/sbinary_2.12-0.5.0.jar
7f88bc04e000-7f88bc051000 r--s 00014000 00:58 924874                     /Users/bejallewis/.sbt/boot/scala-2.12.10/org.scala-sbt/sbt/1.3.10/compiler-interface-1.3.5.jar
7f88bc051000-7f88bc059000 r--s 00094000 00:58 924867                     /Users/bejallewis/.sbt/boot/scala-2.12.10/org.scala-sbt/sbt/1.3.10/main-settings_2.12-1.3.10.jar
7f88bc059000-7f88bc05b000 r--s 00009000 00:58 924887                     /Users/bejallewis/.sbt/boot/scala-2.12.10/org.scala-sbt/sbt/1.3.10/slf4j-api-1.7.26.jar
7f88bc05b000-7f88bc05e000 r--s 00024000 00:58 924933                     /Users/bejallewis/.sbt/boot/scala-2.12.10/org.scala-sbt/sbt/1.3.10/gigahorse-core_2.12-0.5.0.jar
7f88bc05e000-7f88bc063000 r--s 00063000 00:58 924863                     /Users/bejallewis/.sbt/boot/scala-2.12.10/org.scala-sbt/sbt/1.3.10/okhttp-3.14.2.jar
7f88bc063000-7f88bc069000 r--s 0003c000 00:58 924879                     /Users/bejallewis/.sbt/boot/scala-2.12.10/org.scala-sbt/sbt/1.3.10/log4j-api-2.11.2.jar
7f88bc069000-7f88bc06d000 r--s 00041000 00:58 924878                     /Users/bejallewis/.sbt/boot/scala-2.12.10/org.scala-sbt/sbt/1.3.10/util-logging_2.12-1.3.3.jar
7f88bc06d000-7f88bc07f000 r--s 00256000 00:58 924919                     /Users/bejallewis/.sbt/boot/scala-2.12.10/org.scala-sbt/sbt/1.3.10/main_2.12-1.3.10.jar
7f88bc07f000-7f88bc081000 r--s 00012000 00:58 924871                     /Users/bejallewis/.sbt/boot/scala-2.12.10/org.scala-sbt/sbt/1.3.10/zinc-classpath_2.12-1.3.5.jar
7f88bc081000-7f88bc082000 r--s 00002000 00:58 924924                     /Users/bejallewis/.sbt/boot/scala-2.12.10/org.scala-sbt/sbt/1.3.10/launcher-interface-1.1.3.jar
7f88bc082000-7f88bc088000 r--s 000be000 00:58 924912                     /Users/bejallewis/.sbt/boot/scala-2.12.10/org.scala-sbt/sbt/1.3.10/sjson-new-core_2.12-0.8.3.jar
7f88bc088000-7f88bc095000 r--s 001a6000 00:58 924908                     /Users/bejallewis/.sbt/boot/scala-2.12.10/org.scala-sbt/sbt/1.3.10/scalapb-runtime_2.12-0.6.0.jar
7f88bc095000-7f88bc09d000 r--s 00091000 00:58 924895                     /Users/bejallewis/.sbt/boot/scala-2.12.10/org.scala-sbt/sbt/1.3.10/io_2.12-1.3.4.jar
7f88bc09d000-7f88bc0a1000 r--s 00056000 00:58 924914                     /Users/bejallewis/.sbt/boot/scala-2.12.10/org.scala-sbt/sbt/1.3.10/command_2.12-1.3.10.jar
7f88bc0a1000-7f88bc0ae000 r--s 001ae000 00:58 924931                     /Users/bejallewis/.sbt/boot/scala-2.12.10/org.scala-sbt/sbt/1.3.10/zinc-persist_2.12-1.3.5.jar
7f88bc0ae000-7f88bc0b4000 r--s 00080000 00:58 838073                     /Users/bejallewis/.sbt/boot/scala-2.12.10/lib/scala-xml_2.12.jar
7f88bc0b4000-7f88bc0b7000 r--s 00023000 00:58 838077                     /Users/bejallewis/.sbt/boot/scala-2.12.10/lib/jansi.jar
7f88bc0b7000-7f88bc0bb000 r--s 0003e000 00:58 838074                     /Users/bejallewis/.sbt/boot/scala-2.12.10/lib/jline.jar
7f88bc0bb000-7f88bc0df000 r--s 0035f000 00:58 838075                     /Users/bejallewis/.sbt/boot/scala-2.12.10/lib/scala-reflect.jar
7f88bc0df000-7f88bc12f000 r--s 009de000 00:58 838072                     /Users/bejallewis/.sbt/boot/scala-2.12.10/lib/scala-compiler.jar
7f88bc12f000-7f88bc167000 r--s 004d1000 00:58 838076                     /Users/bejallewis/.sbt/boot/scala-2.12.10/lib/scala-library.jar
7f88bc167000-7f88bc169000 r--s 00002000 00:58 924906                     /Users/bejallewis/.sbt/boot/scala-2.12.10/org.scala-sbt/sbt/1.3.10/test-interface-1.0.jar
7f88bc169000-7f88bc189000 r--s 00134000 fe:01 397635                     /sbt/bin/sbt-launch.jar
7f88bc189000-7f88bc18a000 ---p 00000000 00:00 0 
7f88bc18a000-7f88bc28a000 rw-p 00000000 00:00 0 
7f88bc28a000-7f88bc28d000 ---p 00000000 00:00 0 
7f88bc28d000-7f88bc68b000 rw-p 00000000 00:00 0 
7f88bc68b000-7f88bc68c000 ---p 00000000 00:00 0 
7f88bc68c000-7f88bc68f000 ---p 00000000 00:00 0 
7f88bc68f000-7f88bc78c000 rw-p 00000000 00:00 0 
7f88bc78c000-7f88bc78d000 ---p 00000000 00:00 0 
7f88bc78d000-7f88bc790000 ---p 00000000 00:00 0 
7f88bc790000-7f88bc88d000 rw-p 00000000 00:00 0 
7f88bc88d000-7f88bc88e000 ---p 00000000 00:00 0 
7f88bc88e000-7f88bc891000 ---p 00000000 00:00 0 
7f88bc891000-7f88bc98e000 rw-p 00000000 00:00 0 
7f88bc98e000-7f88bc991000 ---p 00000000 00:00 0 
7f88bc991000-7f88bcd8f000 rw-p 00000000 00:00 0 
7f88bcd8f000-7f88bcdc1000 r--p 00000000 fe:01 3411569                    /usr/lib/locale/C.UTF-8/LC_CTYPE
7f88bcdc1000-7f88bcf34000 r--p 00000000 fe:01 3411568                    /usr/lib/locale/C.UTF-8/LC_COLLATE
7f88bcf34000-7f88bcf3b000 r--s 00000000 fe:01 3411841                    /usr/lib/x86_64-linux-gnu/gconv/gconv-modules.cache
7f88bcf3b000-7f88bcf3e000 ---p 00000000 00:00 0 
7f88bcf3e000-7f88bd33c000 rw-p 00000000 00:00 0 
7f88bd33c000-7f88bd33f000 ---p 00000000 00:00 0 
7f88bd33f000-7f88bd73d000 rw-p 00000000 00:00 0 
7f88bd73d000-7f88bd73e000 ---p 00000000 00:00 0 
7f88bd73e000-7f88be79b000 rw-p 00000000 00:00 0 
7f88be79b000-7f88be96c000 r--s 03ca5000 fe:01 397239                     /usr/lib/jvm/jdk8u252-b09/jre/lib/rt.jar
7f88be96c000-7f88bf7e2000 rw-p 00000000 00:00 0 
7f88bf7e2000-7f88bf7e3000 ---p 00000000 00:00 0 
7f88bf7e3000-7f88bf8e3000 rw-p 00000000 00:00 0 
7f88bf8e3000-7f88bf8e4000 ---p 00000000 00:00 0 
7f88bf8e4000-7f88bf9e4000 rw-p 00000000 00:00 0 
7f88bf9e4000-7f88bf9e5000 ---p 00000000 00:00 0 
7f88bf9e5000-7f88bfae5000 rw-p 00000000 00:00 0 
7f88bfae5000-7f88bfae6000 ---p 00000000 00:00 0 
7f88bfae6000-7f88bfd03000 rw-p 00000000 00:00 0 
7f88bfd03000-7f88bffe6000 ---p 00000000 00:00 0 
7f88bffe6000-7f88c0103000 rw-p 00000000 00:00 0 
7f88c0103000-7f88c03e6000 ---p 00000000 00:00 0 
7f88c03e6000-7f88c0569000 rw-p 00000000 00:00 0 
7f88c0569000-7f88c05e6000 ---p 00000000 00:00 0 
7f88c05e6000-7f88c0750000 rw-p 00000000 00:00 0 
7f88c0750000-7f88c09a7000 ---p 00000000 00:00 0 
7f88c09a7000-7f88c63c7000 rwxp 00000000 00:00 0 
7f88c63c7000-7f88cf9a7000 ---p 00000000 00:00 0 
7f88cf9a7000-7f88cf9c2000 r-xp 00000000 fe:01 397183                     /usr/lib/jvm/jdk8u252-b09/jre/lib/amd64/libzip.so
7f88cf9c2000-7f88cfbc1000 ---p 0001b000 fe:01 397183                     /usr/lib/jvm/jdk8u252-b09/jre/lib/amd64/libzip.so
7f88cfbc1000-7f88cfbc2000 r--p 0001a000 fe:01 397183                     /usr/lib/jvm/jdk8u252-b09/jre/lib/amd64/libzip.so
7f88cfbc2000-7f88cfbc3000 rw-p 0001b000 fe:01 397183                     /usr/lib/jvm/jdk8u252-b09/jre/lib/amd64/libzip.so
7f88cfbc3000-7f88cfbec000 r-xp 00000000 fe:01 397162                     /usr/lib/jvm/jdk8u252-b09/jre/lib/amd64/libjava.so
7f88cfbec000-7f88cfdeb000 ---p 00029000 fe:01 397162                     /usr/lib/jvm/jdk8u252-b09/jre/lib/amd64/libjava.so
7f88cfdeb000-7f88cfdec000 r--p 00028000 fe:01 397162                     /usr/lib/jvm/jdk8u252-b09/jre/lib/amd64/libjava.so
7f88cfdec000-7f88cfdee000 rw-p 00029000 fe:01 397162                     /usr/lib/jvm/jdk8u252-b09/jre/lib/amd64/libjava.so
7f88cfdee000-7f88cfdfe000 r-xp 00000000 fe:01 397182                     /usr/lib/jvm/jdk8u252-b09/jre/lib/amd64/libverify.so
7f88cfdfe000-7f88cfffd000 ---p 00010000 fe:01 397182                     /usr/lib/jvm/jdk8u252-b09/jre/lib/amd64/libverify.so
7f88cfffd000-7f88cffff000 r--p 0000f000 fe:01 397182                     /usr/lib/jvm/jdk8u252-b09/jre/lib/amd64/libverify.so
7f88cffff000-7f88d0000000 rw-p 00011000 fe:01 397182                     /usr/lib/jvm/jdk8u252-b09/jre/lib/amd64/libverify.so
7f88d0000000-7f88d2d31000 rw-p 00000000 00:00 0 
7f88d2d31000-7f88d4000000 ---p 00000000 00:00 0 
7f88d4000000-7f88d4001000 r--p 00000000 fe:01 3411576                    /usr/lib/locale/C.UTF-8/LC_NUMERIC
7f88d4001000-7f88d4002000 r--p 00000000 fe:01 3411579                    /usr/lib/locale/C.UTF-8/LC_TIME
7f88d4002000-7f88d4099000 rw-p 00000000 00:00 0 
7f88d4099000-7f88d40a1000 rw-s 00000000 00:52 5970300                    /tmp/hsperfdata_root/8
7f88d40a1000-7f88d40a4000 r--p 00000000 fe:01 3411159                    /lib/x86_64-linux-gnu/libnss_files-2.28.so
7f88d40a4000-7f88d40ab000 r-xp 00003000 fe:01 3411159                    /lib/x86_64-linux-gnu/libnss_files-2.28.so
7f88d40ab000-7f88d40ad000 r--p 0000a000 fe:01 3411159                    /lib/x86_64-linux-gnu/libnss_files-2.28.so
7f88d40ad000-7f88d40ae000 ---p 0000c000 fe:01 3411159                    /lib/x86_64-linux-gnu/libnss_files-2.28.so
7f88d40ae000-7f88d40af000 r--p 0000c000 fe:01 3411159                    /lib/x86_64-linux-gnu/libnss_files-2.28.so
7f88d40af000-7f88d40b0000 rw-p 0000d000 fe:01 3411159                    /lib/x86_64-linux-gnu/libnss_files-2.28.so
7f88d40b0000-7f88d40b6000 rw-p 00000000 00:00 0 
7f88d40b6000-7f88d40b7000 r--p 00000000 fe:01 3411574                    /usr/lib/locale/C.UTF-8/LC_MONETARY
7f88d40b7000-7f88d40b8000 r--p 00000000 fe:01 3411573                    /usr/lib/locale/C.UTF-8/LC_MESSAGES/SYS_LC_MESSAGES
7f88d40b8000-7f88d40b9000 r--p 00000000 fe:01 3411577                    /usr/lib/locale/C.UTF-8/LC_PAPER
7f88d40b9000-7f88d40ba000 r--p 00000000 fe:01 3411575                    /usr/lib/locale/C.UTF-8/LC_NAME
7f88d40ba000-7f88d40bb000 r--p 00000000 fe:01 3411567                    /usr/lib/locale/C.UTF-8/LC_ADDRESS
7f88d40bb000-7f88d40bd000 r--p 00000000 fe:01 3411180                    /lib/x86_64-linux-gnu/librt-2.28.so
7f88d40bd000-7f88d40c1000 r-xp 00002000 fe:01 3411180                    /lib/x86_64-linux-gnu/librt-2.28.so
7f88d40c1000-7f88d40c3000 r--p 00006000 fe:01 3411180                    /lib/x86_64-linux-gnu/librt-2.28.so
7f88d40c3000-7f88d40c4000 r--p 00007000 fe:01 3411180                    /lib/x86_64-linux-gnu/librt-2.28.so
7f88d40c4000-7f88d40c5000 rw-p 00008000 fe:01 3411180                    /lib/x86_64-linux-gnu/librt-2.28.so
7f88d40c5000-7f88d40c6000 ---p 00000000 00:00 0 
7f88d40c6000-7f88d40c9000 ---p 00000000 00:00 0 
7f88d40c9000-7f88d44c6000 rw-p 00000000 00:00 0 
7f88d44c6000-7f88d44d3000 r--p 00000000 fe:01 3411144                    /lib/x86_64-linux-gnu/libm-2.28.so
7f88d44d3000-7f88d4572000 r-xp 0000d000 fe:01 3411144                    /lib/x86_64-linux-gnu/libm-2.28.so
7f88d4572000-7f88d4647000 r--p 000ac000 fe:01 3411144                    /lib/x86_64-linux-gnu/libm-2.28.so
7f88d4647000-7f88d4648000 r--p 00180000 fe:01 3411144                    /lib/x86_64-linux-gnu/libm-2.28.so
7f88d4648000-7f88d4649000 rw-p 00181000 fe:01 3411144                    /lib/x86_64-linux-gnu/libm-2.28.so
7f88d4649000-7f88d525a000 r-xp 00000000 fe:01 397187                     /usr/lib/jvm/jdk8u252-b09/jre/lib/amd64/server/libjvm.so
7f88d525a000-7f88d5459000 ---p 00c11000 fe:01 397187                     /usr/lib/jvm/jdk8u252-b09/jre/lib/amd64/server/libjvm.so
7f88d5459000-7f88d54fa000 r--p 00c10000 fe:01 397187                     /usr/lib/jvm/jdk8u252-b09/jre/lib/amd64/server/libjvm.so
7f88d54fa000-7f88d5523000 rw-p 00cb1000 fe:01 397187                     /usr/lib/jvm/jdk8u252-b09/jre/lib/amd64/server/libjvm.so
7f88d5523000-7f88d5569000 rw-p 00000000 00:00 0 
7f88d5569000-7f88d558b000 r--p 00000000 fe:01 3411121                    /lib/x86_64-linux-gnu/libc-2.28.so
7f88d558b000-7f88d56d3000 r-xp 00022000 fe:01 3411121                    /lib/x86_64-linux-gnu/libc-2.28.so
7f88d56d3000-7f88d571f000 r--p 0016a000 fe:01 3411121                    /lib/x86_64-linux-gnu/libc-2.28.so
7f88d571f000-7f88d5720000 ---p 001b6000 fe:01 3411121                    /lib/x86_64-linux-gnu/libc-2.28.so
7f88d5720000-7f88d5724000 r--p 001b6000 fe:01 3411121                    /lib/x86_64-linux-gnu/libc-2.28.so
7f88d5724000-7f88d5726000 rw-p 001ba000 fe:01 3411121                    /lib/x86_64-linux-gnu/libc-2.28.so
7f88d5726000-7f88d572a000 rw-p 00000000 00:00 0 
7f88d572a000-7f88d572b000 r--p 00000000 fe:01 3411129                    /lib/x86_64-linux-gnu/libdl-2.28.so
7f88d572b000-7f88d572c000 r-xp 00001000 fe:01 3411129                    /lib/x86_64-linux-gnu/libdl-2.28.so
7f88d572c000-7f88d572d000 r--p 00002000 fe:01 3411129                    /lib/x86_64-linux-gnu/libdl-2.28.so
7f88d572d000-7f88d572e000 r--p 00002000 fe:01 3411129                    /lib/x86_64-linux-gnu/libdl-2.28.so
7f88d572e000-7f88d572f000 rw-p 00003000 fe:01 3411129                    /lib/x86_64-linux-gnu/libdl-2.28.so
7f88d572f000-7f88d5745000 r-xp 00000000 fe:01 397257                     /usr/lib/jvm/jdk8u252-b09/lib/amd64/jli/libjli.so
7f88d5745000-7f88d5944000 ---p 00016000 fe:01 397257                     /usr/lib/jvm/jdk8u252-b09/lib/amd64/jli/libjli.so
7f88d5944000-7f88d5945000 r--p 00015000 fe:01 397257                     /usr/lib/jvm/jdk8u252-b09/lib/amd64/jli/libjli.so
7f88d5945000-7f88d5946000 rw-p 00016000 fe:01 397257                     /usr/lib/jvm/jdk8u252-b09/lib/amd64/jli/libjli.so
7f88d5946000-7f88d594c000 r--p 00000000 fe:01 3411176                    /lib/x86_64-linux-gnu/libpthread-2.28.so
7f88d594c000-7f88d595b000 r-xp 00006000 fe:01 3411176                    /lib/x86_64-linux-gnu/libpthread-2.28.so
7f88d595b000-7f88d5961000 r--p 00015000 fe:01 3411176                    /lib/x86_64-linux-gnu/libpthread-2.28.so
7f88d5961000-7f88d5962000 r--p 0001a000 fe:01 3411176                    /lib/x86_64-linux-gnu/libpthread-2.28.so
7f88d5962000-7f88d5963000 rw-p 0001b000 fe:01 3411176                    /lib/x86_64-linux-gnu/libpthread-2.28.so
7f88d5963000-7f88d5969000 rw-p 00000000 00:00 0 
7f88d5969000-7f88d596a000 r--p 00000000 fe:01 3411578                    /usr/lib/locale/C.UTF-8/LC_TELEPHONE
7f88d596a000-7f88d596b000 r--p 00000000 fe:01 3411571                    /usr/lib/locale/C.UTF-8/LC_MEASUREMENT
7f88d596b000-7f88d596c000 r--p 00000000 fe:01 3411570                    /usr/lib/locale/C.UTF-8/LC_IDENTIFICATION
7f88d596c000-7f88d596d000 rw-p 00000000 00:00 0 
7f88d596d000-7f88d596e000 r--p 00000000 00:00 0 
7f88d596e000-7f88d596f000 r--p 00000000 fe:01 3411107                    /lib/x86_64-linux-gnu/ld-2.28.so
7f88d596f000-7f88d598d000 r-xp 00001000 fe:01 3411107                    /lib/x86_64-linux-gnu/ld-2.28.so
7f88d598d000-7f88d5995000 r--p 0001f000 fe:01 3411107                    /lib/x86_64-linux-gnu/ld-2.28.so
7f88d5995000-7f88d5996000 r--p 00026000 fe:01 3411107                    /lib/x86_64-linux-gnu/ld-2.28.so
7f88d5996000-7f88d5997000 rw-p 00027000 fe:01 3411107                    /lib/x86_64-linux-gnu/ld-2.28.so
7f88d5997000-7f88d5998000 rw-p 00000000 00:00 0 
7fff9c066000-7fff9c087000 rw-p 00000000 00:00 0                          [stack]
7fff9c1c5000-7fff9c1c8000 r--p 00000000 00:00 0                          [vvar]
7fff9c1c8000-7fff9c1ca000 r-xp 00000000 00:00 0                          [vdso]
ffffffffff600000-ffffffffff601000 r-xp 00000000 00:00 0                  [vsyscall]

VM Arguments:
jvm_args: -Dsbt.color=always -Dsbt.supershell=false -Xmx3G -Xss4M -Dhttp.nonProxyHosts=*.s-cloud.net -Duser.home=/Users/bejallewis -Dsbt.boot.properties=/etc/sbt.boot.properties -Dsbt.server.autostart=false 
java_command: /sbt/bin/sbt-launch.jar test
java_class_path (initial): /sbt/bin/sbt-launch.jar
Launcher Type: SUN_STANDARD

Environment Variables:
PATH=/usr/local/sbin:/usr/local/bin:/usr/sbin:/usr/bin:/sbin:/bin

Signal Handlers:
SIGSEGV: [libjvm.so+0x9fc530], sa_mask[0]=11111111011111111101111111111110, sa_flags=SA_RESTART|SA_SIGINFO
SIGBUS: [libjvm.so+0x9fc530], sa_mask[0]=11111111011111111101111111111110, sa_flags=SA_RESTART|SA_SIGINFO
SIGFPE: [libjvm.so+0x85d6f0], sa_mask[0]=11111111011111111101111111111110, sa_flags=SA_RESTART|SA_SIGINFO
SIGPIPE: [libjvm.so+0x85d6f0], sa_mask[0]=11111111011111111101111111111110, sa_flags=SA_RESTART|SA_SIGINFO
SIGXFSZ: [libjvm.so+0x85d6f0], sa_mask[0]=11111111011111111101111111111110, sa_flags=SA_RESTART|SA_SIGINFO
SIGILL: [libjvm.so+0x85d6f0], sa_mask[0]=11111111011111111101111111111110, sa_flags=SA_RESTART|SA_SIGINFO
SIGUSR1: SIG_DFL, sa_mask[0]=00000000000000000000000000000000, sa_flags=none
SIGUSR2: [libjvm.so+0x85d5c0], sa_mask[0]=00000000000000000000000000000000, sa_flags=SA_RESTART|SA_SIGINFO
SIGHUP: [libjvm.so+0x85d7b0], sa_mask[0]=11111111011111111101111111111110, sa_flags=SA_RESTART|SA_SIGINFO
SIGINT: [libjvm.so+0x85d7b0], sa_mask[0]=11111111011111111101111111111110, sa_flags=SA_RESTART|SA_SIGINFO
SIGTERM: [libjvm.so+0x85d7b0], sa_mask[0]=11111111011111111101111111111110, sa_flags=SA_RESTART|SA_SIGINFO
SIGQUIT: [libjvm.so+0x85d7b0], sa_mask[0]=11111111011111111101111111111110, sa_flags=SA_RESTART|SA_SIGINFO


---------------  S Y S T E M  ---------------

OS:PRETTY_NAME="Debian GNU/Linux 10 (buster)"
NAME="Debian GNU/Linux"
VERSION_ID="10"
VERSION="10 (buster)"
VERSION_CODENAME=buster
ID=debian
HOME_URL="https://www.debian.org/"
SUPPORT_URL="https://www.debian.org/support"
BUG_REPORT_URL="https://bugs.debian.org/"

uname:Linux 4.19.76-linuxkit #1 SMP Fri Apr 3 15:53:26 UTC 2020 x86_64
libc:glibc 2.28 NPTL 2.28 
rlimit: STACK 8192k, CORE 0k, NPROC infinity, NOFILE 1048576, AS infinity
load average:1.59 0.86 0.44

/proc/meminfo:
MemTotal:       16402920 kB
MemFree:        12828728 kB
MemAvailable:   14291424 kB
Buffers:          314436 kB
Cached:          1316316 kB
SwapCached:            0 kB
Active:          2373196 kB
Inactive:         966588 kB
Active(anon):    1683620 kB
Inactive(anon):      288 kB
Active(file):     689576 kB
Inactive(file):   966300 kB
Unevictable:           0 kB
Mlocked:               0 kB
SwapTotal:       1048572 kB
SwapFree:        1048572 kB
Dirty:                72 kB
Writeback:             0 kB
AnonPages:       1706320 kB
Mapped:           184436 kB
Shmem:              1044 kB
Slab:             175236 kB
SReclaimable:     116184 kB
SUnreclaim:        59052 kB
KernelStack:        8800 kB
PageTables:         5940 kB
NFS_Unstable:          0 kB
Bounce:                0 kB
WritebackTmp:          0 kB
CommitLimit:     9250032 kB
Committed_AS:    5848668 kB
VmallocTotal:   34359738367 kB
VmallocUsed:           0 kB
VmallocChunk:          0 kB
Percpu:            20912 kB
AnonHugePages:      4096 kB
ShmemHugePages:        0 kB
ShmemPmdMapped:        0 kB
HugePages_Total:       0
HugePages_Free:        0
HugePages_Rsvd:        0
HugePages_Surp:        0
Hugepagesize:       2048 kB
Hugetlb:               0 kB
DirectMap4k:      138668 kB
DirectMap2M:     8249344 kB
DirectMap1G:    10485760 kB

container (cgroup) information:
container_type: cgroupv1
cpu_cpuset_cpus: 0-3
cpu_memory_nodes: 0
active_processor_count: 4
cpu_quota: -1
cpu_period: 100000
cpu_shares: -1
memory_limit_in_bytes: -1
memory_and_swap_limit_in_bytes: -1
memory_soft_limit_in_bytes: -1
memory_usage_in_bytes: 1539600384
memory_max_usage_in_bytes: 1556258816


CPU:total 4 (initial active 4) (1 cores per cpu, 1 threads per core) family 6 model 142 stepping 10, cmov, cx8, fxsr, mmx, sse, sse2, sse3, ssse3, sse4.1, sse4.2, popcnt, avx, avx2, aes, clmul, erms, 3dnowpref, lzcnt, tsc, tscinvbit, bmi1, bmi2

/proc/cpuinfo:
processor	: 0
vendor_id	: GenuineIntel
cpu family	: 6
model		: 142
model name	: Intel(R) Core(TM) i5-8279U CPU @ 2.40GHz
stepping	: 10
cpu MHz		: 2400.000
cache size	: 6144 KB
physical id	: 0
siblings	: 1
core id		: 0
cpu cores	: 1
apicid		: 0
initial apicid	: 0
fpu		: yes
fpu_exception	: yes
cpuid level	: 22
wp		: yes
flags		: fpu vme de pse tsc msr pae mce cx8 apic sep mtrr pge mca cmov pat pse36 clflush mmx fxsr sse sse2 ss ht pbe syscall nx pdpe1gb lm constant_tsc rep_good nopl xtopology nonstop_tsc cpuid tsc_known_freq pni pclmulqdq dtes64 ds_cpl ssse3 sdbg fma cx16 xtpr pcid sse4_1 sse4_2 movbe popcnt aes xsave avx f16c rdrand hypervisor lahf_lm abm 3dnowprefetch pti fsgsbase bmi1 avx2 bmi2 erms xsaveopt arat
bugs		: cpu_meltdown spectre_v1 spectre_v2 spec_store_bypass l1tf mds swapgs
bogomips	: 4800.00
clflush size	: 64
cache_alignment	: 64
address sizes	: 39 bits physical, 48 bits virtual
power management:

processor	: 1
vendor_id	: GenuineIntel
cpu family	: 6
model		: 142
model name	: Intel(R) Core(TM) i5-8279U CPU @ 2.40GHz
stepping	: 10
cpu MHz		: 2400.000
cache size	: 6144 KB
physical id	: 1
siblings	: 1
core id		: 0
cpu cores	: 1
apicid		: 1
initial apicid	: 1
fpu		: yes
fpu_exception	: yes
cpuid level	: 22
wp		: yes
flags		: fpu vme de pse tsc msr pae mce cx8 apic sep mtrr pge mca cmov pat pse36 clflush mmx fxsr sse sse2 ss ht pbe syscall nx pdpe1gb lm constant_tsc rep_good nopl xtopology nonstop_tsc cpuid tsc_known_freq pni pclmulqdq dtes64 ds_cpl ssse3 sdbg fma cx16 xtpr pcid sse4_1 sse4_2 movbe popcnt aes xsave avx f16c rdrand hypervisor lahf_lm abm 3dnowprefetch pti fsgsbase bmi1 avx2 bmi2 erms xsaveopt arat
bugs		: cpu_meltdown spectre_v1 spectre_v2 spec_store_bypass l1tf mds swapgs
bogomips	: 4808.67
clflush size	: 64
cache_alignment	: 64
address sizes	: 39 bits physical, 48 bits virtual
power management:

processor	: 2
vendor_id	: GenuineIntel
cpu family	: 6
model		: 142
model name	: Intel(R) Core(TM) i5-8279U CPU @ 2.40GHz
stepping	: 10
cpu MHz		: 2400.000
cache size	: 6144 KB
physical id	: 2
siblings	: 1
core id		: 0
cpu cores	: 1
apicid		: 2
initial apicid	: 2
fpu		: yes
fpu_exception	: yes
cpuid level	: 22
wp		: yes
flags		: fpu vme de pse tsc msr pae mce cx8 apic sep mtrr pge mca cmov pat pse36 clflush mmx fxsr sse sse2 ss ht pbe syscall nx pdpe1gb lm constant_tsc rep_good nopl xtopology nonstop_tsc cpuid tsc_known_freq pni pclmulqdq dtes64 ds_cpl ssse3 sdbg fma cx16 xtpr pcid sse4_1 sse4_2 movbe popcnt aes xsave avx f16c rdrand hypervisor lahf_lm abm 3dnowprefetch pti fsgsbase bmi1 avx2 bmi2 erms xsaveopt arat
bugs		: cpu_meltdown spectre_v1 spectre_v2 spec_store_bypass l1tf mds swapgs
bogomips	: 4809.93
clflush size	: 64
cache_alignment	: 64
address sizes	: 39 bits physical, 48 bits virtual
power management:

processor	: 3
vendor_id	: GenuineIntel
cpu family	: 6
model		: 142
model name	: Intel(R) Core(TM) i5-8279U CPU @ 2.40GHz
stepping	: 10
cpu MHz		: 2400.000
cache size	: 6144 KB
physical id	: 3
siblings	: 1
core id		: 0
cpu cores	: 1
apicid		: 3
initial apicid	: 3
fpu		: yes
fpu_exception	: yes
cpuid level	: 22
wp		: yes
flags		: fpu vme de pse tsc msr pae mce cx8 apic sep mtrr pge mca cmov pat pse36 clflush mmx fxsr sse sse2 ss ht pbe syscall nx pdpe1gb lm constant_tsc rep_good nopl xtopology nonstop_tsc cpuid tsc_known_freq pni pclmulqdq dtes64 ds_cpl ssse3 sdbg fma cx16 xtpr pcid sse4_1 sse4_2 movbe popcnt aes xsave avx f16c rdrand hypervisor lahf_lm abm 3dnowprefetch pti fsgsbase bmi1 avx2 bmi2 erms xsaveopt arat
bugs		: cpu_meltdown spectre_v1 spectre_v2 spec_store_bypass l1tf mds swapgs
bogomips	: 4786.68
clflush size	: 64
cache_alignment	: 64
address sizes	: 39 bits physical, 48 bits virtual
power management:



Memory: 4k page, physical 16402920k(12828728k free), swap 1048572k(1048572k free)

vm_info: OpenJDK 64-Bit Server VM (25.252-b09) for linux-amd64 JRE (1.8.0_252-b09), built on Apr 15 2020 12:10:31 by "jenkins" with gcc 4.8.2 20140120 (Red Hat 4.8.2-15)

time: Mon Jul 13 08:27:40 2020
timezone: UTC
elapsed time: 160 seconds (0d 0h 2m 40s)

